Archive member included to satisfy reference by file (symbol)

/home/runner/work/DIY-Multiprotocol-TX-Module/DIY-Multiprotocol-TX-Module/build/core/core.a(HardwareSerial.cpp.o)
                              /home/runner/work/DIY-Multiprotocol-TX-Module/DIY-Multiprotocol-TX-Module/build/core/board.cpp.o (HardwareSerial::HardwareSerial(usart_dev*, unsigned char, unsigned char))
/home/runner/work/DIY-Multiprotocol-TX-Module/DIY-Multiprotocol-TX-Module/build/core/core.a(HardwareTimer.cpp.o)
                              /home/runner/work/DIY-Multiprotocol-TX-Module/DIY-Multiprotocol-TX-Module/build/sketch/Multiprotocol.ino.cpp.o (HardwareTimer::HardwareTimer(unsigned char))
/home/runner/work/DIY-Multiprotocol-TX-Module/DIY-Multiprotocol-TX-Module/build/core/core.a(Print.cpp.o)
                              /home/runner/work/DIY-Multiprotocol-TX-Module/DIY-Multiprotocol-TX-Module/build/core/core.a(HardwareSerial.cpp.o) (Print::write(char const*))
/home/runner/work/DIY-Multiprotocol-TX-Module/DIY-Multiprotocol-TX-Module/build/core/core.a(cxxabi-compat.cpp.o)
                              /home/runner/work/DIY-Multiprotocol-TX-Module/DIY-Multiprotocol-TX-Module/build/core/core.a(Print.cpp.o) (__cxa_pure_virtual)
/home/runner/work/DIY-Multiprotocol-TX-Module/DIY-Multiprotocol-TX-Module/build/core/core.a(ext_interrupts.cpp.o)
                              /home/runner/work/DIY-Multiprotocol-TX-Module/DIY-Multiprotocol-TX-Module/build/sketch/Multiprotocol.ino.cpp.o (attachInterrupt(unsigned char, void (*)(), ExtIntTriggerMode))
/home/runner/work/DIY-Multiprotocol-TX-Module/DIY-Multiprotocol-TX-Module/build/core/core.a(adc.c.o)
                              /home/runner/work/DIY-Multiprotocol-TX-Module/DIY-Multiprotocol-TX-Module/build/core/wirish/boards.cpp.o (adc_set_sample_rate)
/home/runner/work/DIY-Multiprotocol-TX-Module/DIY-Multiprotocol-TX-Module/build/core/core.a(adc_f1.c.o)
                              (__irq_adc)
/home/runner/work/DIY-Multiprotocol-TX-Module/DIY-Multiprotocol-TX-Module/build/core/core.a(dma.c.o)
                              /home/runner/work/DIY-Multiprotocol-TX-Module/DIY-Multiprotocol-TX-Module/build/libraries/SPI/SPI.cpp.o (dma_init)
/home/runner/work/DIY-Multiprotocol-TX-Module/DIY-Multiprotocol-TX-Module/build/core/core.a(dma_f1.c.o)
                              /home/runner/work/DIY-Multiprotocol-TX-Module/DIY-Multiprotocol-TX-Module/build/libraries/SPI/SPI.cpp.o (dma_set_priority)
/home/runner/work/DIY-Multiprotocol-TX-Module/DIY-Multiprotocol-TX-Module/build/core/core.a(exc.S.o)
                              (__exc_hardfault)
/home/runner/work/DIY-Multiprotocol-TX-Module/DIY-Multiprotocol-TX-Module/build/core/core.a(exti.c.o)
                              /home/runner/work/DIY-Multiprotocol-TX-Module/DIY-Multiprotocol-TX-Module/build/core/core.a(ext_interrupts.cpp.o) (exti_attach_callback)
/home/runner/work/DIY-Multiprotocol-TX-Module/DIY-Multiprotocol-TX-Module/build/core/core.a(exti_f1.c.o)
                              /home/runner/work/DIY-Multiprotocol-TX-Module/DIY-Multiprotocol-TX-Module/build/core/core.a(exti.c.o) (exti_select)
/home/runner/work/DIY-Multiprotocol-TX-Module/DIY-Multiprotocol-TX-Module/build/core/core.a(flash.c.o)
                              /home/runner/work/DIY-Multiprotocol-TX-Module/DIY-Multiprotocol-TX-Module/build/core/wirish/boards.cpp.o (flash_set_latency)
/home/runner/work/DIY-Multiprotocol-TX-Module/DIY-Multiprotocol-TX-Module/build/core/core.a(gpio_f1.c.o)
                              /home/runner/work/DIY-Multiprotocol-TX-Module/DIY-Multiprotocol-TX-Module/build/core/wirish/boards_setup.cpp.o (gpio_init_all)
/home/runner/work/DIY-Multiprotocol-TX-Module/DIY-Multiprotocol-TX-Module/build/core/core.a(i2c_f1.c.o)
                              (__irq_i2c1_ev)
/home/runner/work/DIY-Multiprotocol-TX-Module/DIY-Multiprotocol-TX-Module/build/core/core.a(nvic.c.o)
                              /home/runner/work/DIY-Multiprotocol-TX-Module/DIY-Multiprotocol-TX-Module/build/sketch/Multiprotocol.ino.cpp.o (nvic_irq_set_priority)
/home/runner/work/DIY-Multiprotocol-TX-Module/DIY-Multiprotocol-TX-Module/build/core/core.a(rcc.c.o)
                              /home/runner/work/DIY-Multiprotocol-TX-Module/DIY-Multiprotocol-TX-Module/build/libraries/SPI/SPI.cpp.o (rcc_dev_clk)
/home/runner/work/DIY-Multiprotocol-TX-Module/DIY-Multiprotocol-TX-Module/build/core/core.a(rcc_f1.c.o)
                              /home/runner/work/DIY-Multiprotocol-TX-Module/DIY-Multiprotocol-TX-Module/build/core/wirish/boards.cpp.o (rcc_configure_pll)
/home/runner/work/DIY-Multiprotocol-TX-Module/DIY-Multiprotocol-TX-Module/build/core/core.a(spi.c.o)
                              /home/runner/work/DIY-Multiprotocol-TX-Module/DIY-Multiprotocol-TX-Module/build/libraries/SPI/SPI.cpp.o (spi_init)
/home/runner/work/DIY-Multiprotocol-TX-Module/DIY-Multiprotocol-TX-Module/build/core/core.a(spi_f1.c.o)
[...]
Memory Configuration

Name             Origin             Length             Attributes
ram              0x0000000020000000 0x0000000000005000 xrw
rom              0x0000000008002000 0x000000000001e000 xr
*default*        0x0000000000000000 0xffffffffffffffff

Linker script and memory map

LOAD /home/runner/.arduino15/packages/multi4in1/tools/xpack-arm-none-eabi-gcc/8.3.1-1.4/bin/../lib/gcc/arm-none-eabi/8.3.1/thumb/v7-m/nofp/crti.o
LOAD /home/runner/.arduino15/packages/multi4in1/tools/xpack-arm-none-eabi-gcc/8.3.1-1.4/bin/../lib/gcc/arm-none-eabi/8.3.1/thumb/v7-m/nofp/crtbegin.o
LOAD /home/runner/.arduino15/packages/multi4in1/tools/xpack-arm-none-eabi-gcc/8.3.1-1.4/bin/../lib/gcc/arm-none-eabi/8.3.1/../../../../arm-none-eabi/lib/thumb/v7-m/nofp/crt0.o
LOAD /home/runner/.arduino15/packages/multi4in1/tools/xpack-arm-none-eabi-gcc/8.3.1-1.4/bin/../lib/gcc/arm-none-eabi/8.3.1/thumb/v7-m/nofp/libgcc.a
START GROUP
LOAD /home/runner/work/DIY-Multiprotocol-TX-Module/DIY-Multiprotocol-TX-Module/build/sketch/Multiprotocol.ino.cpp.o
LOAD /home/runner/work/DIY-Multiprotocol-TX-Module/DIY-Multiprotocol-TX-Module/build/libraries/SPI/SPI.cpp.o
LOAD /home/runner/work/DIY-Multiprotocol-TX-Module/DIY-Multiprotocol-TX-Module/build/libraries/EEPROM/EEPROM.cpp.o
LOAD /home/runner/work/DIY-Multiprotocol-TX-Module/DIY-Multiprotocol-TX-Module/build/libraries/EEPROM/flash_stm32.c.o
LOAD /home/runner/work/DIY-Multiprotocol-TX-Module/DIY-Multiprotocol-TX-Module/build/core/board.cpp.o
LOAD /home/runner/work/DIY-Multiprotocol-TX-Module/DIY-Multiprotocol-TX-Module/build/core/wirish/boards.cpp.o
LOAD /home/runner/work/DIY-Multiprotocol-TX-Module/DIY-Multiprotocol-TX-Module/build/core/wirish/boards_setup.cpp.o
LOAD /home/runner/work/DIY-Multiprotocol-TX-Module/DIY-Multiprotocol-TX-Module/build/core/wirish/start.S.o
LOAD /home/runner/work/DIY-Multiprotocol-TX-Module/DIY-Multiprotocol-TX-Module/build/core/wirish/start_c.c.o
LOAD /home/runner/work/DIY-Multiprotocol-TX-Module/DIY-Multiprotocol-TX-Module/build/core/wirish/syscalls.c.o
LOAD /home/runner/work/DIY-Multiprotocol-TX-Module/DIY-Multiprotocol-TX-Module/build/core/core.a
END GROUP
LOAD /home/runner/.arduino15/packages/multi4in1/tools/xpack-arm-none-eabi-gcc/8.3.1-1.4/bin/../lib/gcc/arm-none-eabi/8.3.1/../../../../arm-none-eabi/lib/thumb/v7-m/nofp/libstdc++.a
LOAD /home/runner/.arduino15/packages/multi4in1/tools/xpack-arm-none-eabi-gcc/8.3.1-1.4/bin/../lib/gcc/arm-none-eabi/8.3.1/../../../../arm-none-eabi/lib/thumb/v7-m/nofp/libm.a
START GROUP
LOAD /home/runner/.arduino15/packages/multi4in1/tools/xpack-arm-none-eabi-gcc/8.3.1-1.4/bin/../lib/gcc/arm-none-eabi/8.3.1/thumb/v7-m/nofp/libgcc.a
LOAD /home/runner/.arduino15/packages/multi4in1/tools/xpack-arm-none-eabi-gcc/8.3.1-1.4/bin/../lib/gcc/arm-none-eabi/8.3.1/../../../../arm-none-eabi/lib/thumb/v7-m/nofp/libc.a
END GROUP
LOAD /home/runner/.arduino15/packages/multi4in1/tools/xpack-arm-none-eabi-gcc/8.3.1-1.4/bin/../lib/gcc/arm-none-eabi/8.3.1/thumb/v7-m/nofp/crtend.o
LOAD /home/runner/.arduino15/packages/multi4in1/tools/xpack-arm-none-eabi-gcc/8.3.1-1.4/bin/../lib/gcc/arm-none-eabi/8.3.1/thumb/v7-m/nofp/crtn.o
START GROUP
LOAD /home/runner/.arduino15/packages/multi4in1/tools/xpack-arm-none-eabi-gcc/8.3.1-1.4/bin/../lib/gcc/arm-none-eabi/8.3.1/thumb/v7-m/nofp/libgcc.a
LOAD /home/runner/.arduino15/packages/multi4in1/tools/xpack-arm-none-eabi-gcc/8.3.1-1.4/bin/../lib/gcc/arm-none-eabi/8.3.1/../../../../arm-none-eabi/lib/thumb/v7-m/nofp/libc.a
LOAD /home/runner/.arduino15/packages/multi4in1/tools/xpack-arm-none-eabi-gcc/8.3.1-1.4/bin/../lib/gcc/arm-none-eabi/8.3.1/../../../../arm-none-eabi/lib/thumb/v7-m/nofp/libm.a
END GROUP
START GROUP
LOAD /home/runner/.arduino15/packages/multi4in1/tools/xpack-arm-none-eabi-gcc/8.3.1-1.4/bin/../lib/gcc/arm-none-eabi/8.3.1/../../../../arm-none-eabi/lib/thumb/v7-m/nofp/libnosys.a
END GROUP
                0x0000000020005000                PROVIDE (__msp_init = (ORIGIN (ram) + LENGTH (ram)))
                0x000000000801abcc                PROVIDE (__exc_reset = __start__)

.text           0x0000000008002000    0x1a6ec
                0x0000000008002000                __text_start__ = .
 *(.stm32.interrupt_vector)
 .stm32.interrupt_vector
                0x0000000008002000       0xec /home/runner/work/DIY-Multiprotocol-TX-Module/DIY-Multiprotocol-TX-Module/build/core/core.a(vector_table.S.o)
                0x0000000008002000                __stm32_vector_table
 *(.text .text.* .gnu.linkonce.t.*)
 .text.__do_global_dtors_aux
                0x00000000080020ec       0x24 /home/runner/.arduino15/packages/multi4in1/tools/xpack-arm-none-eabi-gcc/8.3.1-1.4/bin/../lib/gcc/arm-none-eabi/8.3.1/thumb/v7-m/nofp/crtbegin.o
 .text.frame_dummy
                0x0000000008002110       0x1c /home/runner/.arduino15/packages/multi4in1/tools/xpack-arm-none-eabi-gcc/8.3.1-1.4/bin/../lib/gcc/arm-none-eabi/8.3.1/thumb/v7-m/nofp/crtbegin.o
 .text._ZL6microsv
                0x000000000800212c       0x34 /home/runner/work/DIY-Multiprotocol-TX-Module/DIY-Multiprotocol-TX-Module/build/sketch/Multiprotocol.ino.cpp.o
 .text._ZL14set_rx_tx_addrm
                0x0000000008002160       0x28 /home/runner/work/DIY-Multiprotocol-TX-Module/DIY-Multiprotocol-TX-Module/build/sketch/Multiprotocol.ino.cpp.o
 .text._ZL16calc_fh_channelsh
                0x0000000008002188       0xd4 /home/runner/work/DIY-Multiprotocol-TX-Module/DIY-Multiprotocol-TX-Module/build/sketch/Multiprotocol.ino.cpp.o
 .text._ZL11bit_reverseh
                0x000000000800225c       0x1e /home/runner/work/DIY-Multiprotocol-TX-Module/DIY-Multiprotocol-TX-Module/build/sketch/Multiprotocol.ino.cpp.o
 *fill*         0x000000000800227a        0x2 
 .text._ZL12crc16_updatehh
                0x000000000800227c       0x3c /home/runner/work/DIY-Multiprotocol-TX-Module/DIY-Multiprotocol-TX-Module/build/sketch/Multiprotocol.ino.cpp.o
 .text._ZL11crc8_updateh
                0x00000000080022b8       0x34 /home/runner/work/DIY-Multiprotocol-TX-Module/DIY-Multiprotocol-TX-Module/build/sketch/Multiprotocol.ino.cpp.o
 .text._Z10PPM_decodev
                0x00000000080022ec       0x88 /home/runner/work/DIY-Multiprotocol-TX-Module/DIY-Multiprotocol-TX-Module/build/sketch/Multiprotocol.ino.cpp.o
                0x00000000080022ec                PPM_decode()
 .text._Z9ARES_initv
                0x0000000008002374       0x6c /home/runner/work/DIY-Multiprotocol-TX-Module/DIY-Multiprotocol-TX-Module/build/sketch/Multiprotocol.ino.cpp.o
                0x0000000008002374                ARES_init()
 .text._ZL21BUGSMINI_check_armingv
                0x00000000080023e0       0x40 /home/runner/work/DIY-Multiprotocol-TX-Module/DIY-Multiprotocol-TX-Module/build/sketch/Multiprotocol.ino.cpp.o
 .text._ZL24Bayang_Rx_check_validityv
                0x0000000008002420       0x20 /home/runner/work/DIY-Multiprotocol-TX-Module/DIY-Multiprotocol-TX-Module/build/sketch/Multiprotocol.ino.cpp.o
 .text._ZL13DSM_read_codePhhh
                0x0000000008002440       0x2c /home/runner/work/DIY-Multiprotocol-TX-Module/DIY-Multiprotocol-TX-Module/build/sketch/Multiprotocol.ino.cpp.o
 .text._ZL21DSM_calc_dsmx_channelv
                0x000000000800246c       0xb0 /home/runner/work/DIY-Multiprotocol-TX-Module/DIY-Multiprotocol-TX-Module/build/sketch/Multiprotocol.ino.cpp.o
 .text._ZL19DSM_update_channelsv
                0x000000000800251c       0x60 /home/runner/work/DIY-Multiprotocol-TX-Module/DIY-Multiprotocol-TX-Module/build/sketch/Multiprotocol.ino.cpp.o
 .text._ZL17DEVO_scramble_pktv
                0x000000000800257c       0x28 /home/runner/work/DIY-Multiprotocol-TX-Module/DIY-Multiprotocol-TX-Module/build/sketch/Multiprotocol.ino.cpp.o
 .text._ZL16DEVO_text_to_intPhh
                0x00000000080025a4       0x1c /home/runner/work/DIY-Multiprotocol-TX-Module/DIY-Multiprotocol-TX-Module/build/sketch/Multiprotocol.ino.cpp.o
 .text._ZL17FrSkyX_telem_initv
                0x00000000080025c0       0x50 /home/runner/work/DIY-Multiprotocol-TX-Module/DIY-Multiprotocol-TX-Module/build/sketch/Multiprotocol.ino.cpp.o
 .text._ZL20FrSkyL_encode_packetb
                0x0000000008002610       0x90 /home/runner/work/DIY-Multiprotocol-TX-Module/DIY-Multiprotocol-TX-Module/build/sketch/Multiprotocol.ino.cpp.o
 .text._Z10HITEC_initv
                0x00000000080026a0       0xa8 /home/runner/work/DIY-Multiprotocol-TX-Module/DIY-Multiprotocol-TX-Module/build/sketch/Multiprotocol.ino.cpp.o
                0x00000000080026a0                HITEC_init()
 .text._ZL17hubsan_update_crcv
                0x0000000008002748       0x24 /home/runner/work/DIY-Multiprotocol-TX-Module/DIY-Multiprotocol-TX-Module/build/sketch/Multiprotocol.ino.cpp.o
 .text._Z11CONFIG_initv
                0x000000000800276c        0x2 /home/runner/work/DIY-Multiprotocol-TX-Module/DIY-Multiprotocol-TX-Module/build/sketch/Multiprotocol.ino.cpp.o
                0x000000000800276c                CONFIG_init()
 *fill*         0x000000000800276e        0x2 
 .text._ZL18NCC_Decrypt_Packetv
                0x0000000008002770       0x68 /home/runner/work/DIY-Multiprotocol-TX-Module/DIY-Multiprotocol-TX-Module/build/sketch/Multiprotocol.ino.cpp.o
 .text._ZL15PROPEL_checksumv
                0x00000000080027d8      0x104 /home/runner/work/DIY-Multiprotocol-TX-Module/DIY-Multiprotocol-TX-Module/build/sketch/Multiprotocol.ino.cpp.o
 .text._ZL17cx10wd_getButtonsv
                0x00000000080028dc       0x8c /home/runner/work/DIY-Multiprotocol-TX-Module/DIY-Multiprotocol-TX-Module/build/sketch/Multiprotocol.ino.cpp.o
 .text._ZL19RLINK_shuffle_freqsm
                0x0000000008002968       0x6c /home/runner/work/DIY-Multiprotocol-TX-Module/DIY-Multiprotocol-TX-Module/build/sketch/Multiprotocol.ino.cpp.o
 .text._ZL22frsky_write_user_framehhh
                0x00000000080029d4       0x64 /home/runner/work/DIY-Multiprotocol-TX-Module/DIY-Multiprotocol-TX-Module/build/sketch/Multiprotocol.ino.cpp.o
 .text._ZL14WK_add_pkt_crch
                0x0000000008002a38       0x28 /home/runner/work/DIY-Multiprotocol-TX-Module/DIY-Multiprotocol-TX-Module/build/sketch/Multiprotocol.ino.cpp.o
 .text._ZL17WK_build_bind_pktPKh
                0x0000000008002a60       0x78 /home/runner/work/DIY-Multiprotocol-TX-Module/DIY-Multiprotocol-TX-Module/build/sketch/Multiprotocol.ino.cpp.o
 .text._ZL14WK_get_channelhlss
                0x0000000008002ad8       0x48 /home/runner/work/DIY-Multiprotocol-TX-Module/DIY-Multiprotocol-TX-Module/build/sketch/Multiprotocol.ino.cpp.o
 .text._ZL12XK2_checksumh
                0x0000000008002b20       0x2c /home/runner/work/DIY-Multiprotocol-TX-Module/DIY-Multiprotocol-TX-Module/build/sketch/Multiprotocol.ino.cpp.o
 .text._ZL21BUGSMINI_make_addressv
                0x0000000008002b4c       0xc8 /home/runner/work/DIY-Multiprotocol-TX-Module/DIY-Multiprotocol-TX-Module/build/sketch/Multiprotocol.ino.cpp.o
 .text._ZL19MLINK_shuffle_freqsmPh
                0x0000000008002c14       0x32 /home/runner/work/DIY-Multiprotocol-TX-Module/DIY-Multiprotocol-TX-Module/build/sketch/Multiprotocol.ino.cpp.o
 *fill*         0x0000000008002c46        0x2 
 .text._ZL19DEVO_add_pkt_suffixv
                0x0000000008002c48       0xe8 /home/runner/work/DIY-Multiprotocol-TX-Module/DIY-Multiprotocol-TX-Module/build/sketch/Multiprotocol.ino.cpp.o
 .text._ZL19DEVO_build_data_pktv
                0x0000000008002d30       0xa8 /home/runner/work/DIY-Multiprotocol-TX-Module/DIY-Multiprotocol-TX-Module/build/sketch/Multiprotocol.ino.cpp.o
 .text._ZL25AFHDS2A_build_bind_packetv
                0x0000000008002dd8       0x98 /home/runner/work/DIY-Multiprotocol-TX-Module/DIY-Multiprotocol-TX-Module/build/sketch/Multiprotocol.ino.cpp.o
 .text._Z7tim1_upv
                0x0000000008002e70       0x50 /home/runner/work/DIY-Multiprotocol-TX-Module/DIY-Multiprotocol-TX-Module/build/sketch/Multiprotocol.ino.cpp.o
                0x0000000008002e70                tim1_up()
 .text._ZL20BUGS_most_popular_67h.part.1
                0x0000000008002ec0       0x3c /home/runner/work/DIY-Multiprotocol-TX-Module/DIY-Multiprotocol-TX-Module/build/sketch/Multiprotocol.ino.cpp.o
 .text._ZL21BUGS_increment_countsv
                0x0000000008002efc       0x24 /home/runner/work/DIY-Multiprotocol-TX-Module/DIY-Multiprotocol-TX-Module/build/sketch/Multiprotocol.ino.cpp.o
 .text._ZL10frac2floatlPf.part.4
                0x0000000008002f20       0x32 /home/runner/work/DIY-Multiprotocol-TX-Module/DIY-Multiprotocol-TX-Module/build/sketch/Multiprotocol.ino.cpp.o
 *fill*         0x0000000008002f52        0x2 
 .text._ZL18OMP_Send_Telemetryh
                0x0000000008002f54       0x3c /home/runner/work/DIY-Multiprotocol-TX-Module/DIY-Multiprotocol-TX-Module/build/sketch/Multiprotocol.ino.cpp.o
 .text._ZL21frsky_send_user_framehhh
                0x0000000008002f90       0x4c /home/runner/work/DIY-Multiprotocol-TX-Module/DIY-Multiprotocol-TX-Module/build/sketch/Multiprotocol.ino.cpp.o
 .text._ZL14HOTT_TXID_initv
                0x0000000008002fdc       0xc0 /home/runner/work/DIY-Multiprotocol-TX-Module/DIY-Multiprotocol-TX-Module/build/sketch/Multiprotocol.ino.cpp.o
 .text._ZL14SYMAX_checksumPh.constprop.63
                0x000000000800309c       0x48 /home/runner/work/DIY-Multiprotocol-TX-Module/DIY-Multiprotocol-TX-Module/build/sketch/Multiprotocol.ino.cpp.o
 .text._ZL20pelikan_adjust_valuehhh.constprop.65
                0x00000000080030e4       0x40 /home/runner/work/DIY-Multiprotocol-TX-Module/DIY-Multiprotocol-TX-Module/build/sketch/Multiprotocol.ino.cpp.o
 .text._ZL16HS6200_SetTXAddrPKhh.constprop.71
                0x0000000008003124       0x44 /home/runner/work/DIY-Multiprotocol-TX-Module/DIY-Multiprotocol-TX-Module/build/sketch/Multiprotocol.ino.cpp.o
 .text._ZL19RF2500_BuildPayloadPh.constprop.73
                0x0000000008003168      0x13c /home/runner/work/DIY-Multiprotocol-TX-Module/DIY-Multiprotocol-TX-Module/build/sketch/Multiprotocol.ino.cpp.o
 .text._ZL18DEVO_float_to_intsPhPtS0_.constprop.74
                0x00000000080032a4       0x54 /home/runner/work/DIY-Multiprotocol-TX-Module/DIY-Multiprotocol-TX-Module/build/sketch/Multiprotocol.ino.cpp.o
 .text._ZL9random_idth.constprop.77
                0x00000000080032f8       0x7c /home/runner/work/DIY-Multiprotocol-TX-Module/DIY-Multiprotocol-TX-Module/build/sketch/Multiprotocol.ino.cpp.o
 .text._ZL11FRSKYV_crc8hPhh.constprop.85
                0x0000000008003374       0x34 /home/runner/work/DIY-Multiprotocol-TX-Module/DIY-Multiprotocol-TX-Module/build/sketch/Multiprotocol.ino.cpp.o
 .text._ZL20BUGS_most_popular_45h.part.2
                0x00000000080033a8       0x22 /home/runner/work/DIY-Multiprotocol-TX-Module/DIY-Multiprotocol-TX-Module/build/sketch/Multiprotocol.ino.cpp.o
 *fill*         0x00000000080033ca        0x2 
 .text._ZL17BUGS_most_popularh
                0x00000000080033cc       0x80 /home/runner/work/DIY-Multiprotocol-TX-Module/DIY-Multiprotocol-TX-Module/build/sketch/Multiprotocol.ino.cpp.o
 .text._Z8End_Bindv
                0x000000000800344c       0x60 /home/runner/work/DIY-Multiprotocol-TX-Module/DIY-Multiprotocol-TX-Module/build/sketch/Multiprotocol.ino.cpp.o
                0x000000000800344c                End_Bind()
 .text._Z12PPM_failsafev
                0x00000000080034ac       0x84 /home/runner/work/DIY-Multiprotocol-TX-Module/DIY-Multiprotocol-TX-Module/build/sketch/Multiprotocol.ino.cpp.o
                0x00000000080034ac                PPM_failsafe()
 .text._Z11bank_switchv
                0x0000000008003530       0xf4 /home/runner/work/DIY-Multiprotocol-TX-Module/DIY-Multiprotocol-TX-Module/build/sketch/Multiprotocol.ino.cpp.o
                0x0000000008003530                bank_switch()
 .text._Z8tx_pausev
                0x0000000008003624       0x10 /home/runner/work/DIY-Multiprotocol-TX-Module/DIY-Multiprotocol-TX-Module/build/sketch/Multiprotocol.ino.cpp.o
                0x0000000008003624                tx_pause()
 .text._Z9tx_resumev
                0x0000000008003634       0x20 /home/runner/work/DIY-Multiprotocol-TX-Module/DIY-Multiprotocol-TX-Module/build/sketch/Multiprotocol.ino.cpp.o
                0x0000000008003634                tx_resume()
 .text._Z9rf_switchh
                0x0000000008003654       0x3c /home/runner/work/DIY-Multiprotocol-TX-Module/DIY-Multiprotocol-TX-Module/build/sketch/Multiprotocol.ino.cpp.o
                0x0000000008003654                rf_switch(unsigned char)
 .text._Z12usart3_beginmm
                0x0000000008003690       0x6c /home/runner/work/DIY-Multiprotocol-TX-Module/DIY-Multiprotocol-TX-Module/build/sketch/Multiprotocol.ino.cpp.o
                0x0000000008003690                usart3_begin(unsigned long, unsigned long)
 .text._Z12init_HWTimerv
                0x00000000080036fc       0x44 /home/runner/work/DIY-Multiprotocol-TX-Module/DIY-Multiprotocol-TX-Module/build/sketch/Multiprotocol.ino.cpp.o
                0x00000000080036fc                init_HWTimer()
 .text._Z18setupTrainerPulsesv
                0x0000000008003740       0x80 /home/runner/work/DIY-Multiprotocol-TX-Module/DIY-Multiprotocol-TX-Module/build/sketch/Multiprotocol.ino.cpp.o
                0x0000000008003740                setupTrainerPulses()
 .text._Z7tim1_ccv
                0x00000000080037c0       0x44 /home/runner/work/DIY-Multiprotocol-TX-Module/DIY-Multiprotocol-TX-Module/build/sketch/Multiprotocol.ino.cpp.o
                0x00000000080037c0                tim1_cc()
 .text._Z16init_trainer_ppmv
                0x0000000008003804       0xc0 /home/runner/work/DIY-Multiprotocol-TX-Module/DIY-Multiprotocol-TX-Module/build/sketch/Multiprotocol.ino.cpp.o
                0x0000000008003804                init_trainer_ppm()
 .text._Z19release_trainer_ppmv
                0x00000000080038c4       0x24 /home/runner/work/DIY-Multiprotocol-TX-Module/DIY-Multiprotocol-TX-Module/build/sketch/Multiprotocol.ino.cpp.o
                0x00000000080038c4                release_trainer_ppm()
 .text._Z16Send_CCPM_USART1v
                0x00000000080038e8       0x88 /home/runner/work/DIY-Multiprotocol-TX-Module/DIY-Multiprotocol-TX-Module/build/sketch/Multiprotocol.ino.cpp.o
                0x00000000080038e8                Send_CCPM_USART1()
 .text._Z19convert_channel_ppmh
                0x0000000008003970       0x18 /home/runner/work/DIY-Multiprotocol-TX-Module/DIY-Multiprotocol-TX-Module/build/sketch/Multiprotocol.ino.cpp.o
                0x0000000008003970                convert_channel_ppm(unsigned char)
 .text._Z19convert_channel_10bhb
                0x0000000008003988       0x38 /home/runner/work/DIY-Multiprotocol-TX-Module/DIY-Multiprotocol-TX-Module/build/sketch/Multiprotocol.ino.cpp.o
                0x0000000008003988                convert_channel_10b(unsigned char, bool)
 .text._Z18convert_channel_8bh
                0x00000000080039c0       0x28 /home/runner/work/DIY-Multiprotocol-TX-Module/DIY-Multiprotocol-TX-Module/build/sketch/Multiprotocol.ino.cpp.o
                0x00000000080039c0                convert_channel_8b(unsigned char)
 .text._ZL22E129_build_data_packetv
                0x00000000080039e8      0x188 /home/runner/work/DIY-Multiprotocol-TX-Module/DIY-Multiprotocol-TX-Module/build/sketch/Multiprotocol.ino.cpp.o
 .text._ZL23JJRC345_convert_channelh
                0x0000000008003b70       0x20 /home/runner/work/DIY-Multiprotocol-TX-Module/DIY-Multiprotocol-TX-Module/build/sketch/Multiprotocol.ino.cpp.o
 .text._Z27convert_channel_16b_nolimithssb
                0x0000000008003b90       0x28 /home/runner/work/DIY-Multiprotocol-TX-Module/DIY-Multiprotocol-TX-Module/build/sketch/Multiprotocol.ino.cpp.o
                0x0000000008003b90                convert_channel_16b_nolimit(unsigned char, short, short, bool)
 .text._Z19convert_channel_s8bh
                0x0000000008003bb8       0x12 /home/runner/work/DIY-Multiprotocol-TX-Module/DIY-Multiprotocol-TX-Module/build/sketch/Multiprotocol.ino.cpp.o
                0x0000000008003bb8                convert_channel_s8b(unsigned char)
 *fill*         0x0000000008003bca        0x2 
 .text._ZL24E010R5_build_data_packetv
                0x0000000008003bcc       0xac /home/runner/work/DIY-Multiprotocol-TX-Module/DIY-Multiprotocol-TX-Module/build/sketch/Multiprotocol.ino.cpp.o
 .text._ZL19SYMAX_read_controlsv
                0x0000000008003c78       0x8c /home/runner/work/DIY-Multiprotocol-TX-Module/DIY-Multiprotocol-TX-Module/build/sketch/Multiprotocol.ino.cpp.o
 .text._Z17limit_channel_100h
                0x0000000008003d04       0x1c /home/runner/work/DIY-Multiprotocol-TX-Module/DIY-Multiprotocol-TX-Module/build/sketch/Multiprotocol.ino.cpp.o
                0x0000000008003d04                limit_channel_100(unsigned char)
 .text._Z33convert_channel_8b_limit_deadbandhhhhh
                0x0000000008003d20       0x60 /home/runner/work/DIY-Multiprotocol-TX-Module/DIY-Multiprotocol-TX-Module/build/sketch/Multiprotocol.ino.cpp.o
                0x0000000008003d20                convert_channel_8b_limit_deadband(unsigned char, unsigned char, unsigned char, unsigned char, unsigned char)
 .text._Z25convert_channel_16b_limithss
                0x0000000008003d80       0x1a /home/runner/work/DIY-Multiprotocol-TX-Module/DIY-Multiprotocol-TX-Module/build/sketch/Multiprotocol.ino.cpp.o
                0x0000000008003d80                convert_channel_16b_limit(unsigned char, short, short)
 *fill*         0x0000000008003d9a        0x2 
 .text._ZL17BUGS_build_packeth
                0x0000000008003d9c      0x194 /home/runner/work/DIY-Multiprotocol-TX-Module/DIY-Multiprotocol-TX-Module/build/sketch/Multiprotocol.ino.cpp.o
 .text._ZL18XK_convert_channelh
                0x0000000008003f30       0x58 /home/runner/work/DIY-Multiprotocol-TX-Module/DIY-Multiprotocol-TX-Module/build/sketch/Multiprotocol.ino.cpp.o
 .text._Z21convert_channel_frskyh
                0x0000000008003f88       0x18 /home/runner/work/DIY-Multiprotocol-TX-Module/DIY-Multiprotocol-TX-Module/build/sketch/Multiprotocol.ino.cpp.o
                0x0000000008003f88                convert_channel_frsky(unsigned char)
 .text._ZL18FrSkyX_scaleForPXXhh
                0x0000000008003fa0       0x18 /home/runner/work/DIY-Multiprotocol-TX-Module/DIY-Multiprotocol-TX-Module/build/sketch/Multiprotocol.ino.cpp.o
 .text._Z27convert_channel_DSM_nolimitl
                0x0000000008003fb8       0x1c /home/runner/work/DIY-Multiprotocol-TX-Module/DIY-Multiprotocol-TX-Module/build/sketch/Multiprotocol.ino.cpp.o
                0x0000000008003fb8                convert_channel_DSM_nolimit(long)
 .text._ZL29DSM_RX_build_telemetry_packetv
                0x0000000008003fd4      0x108 /home/runner/work/DIY-Multiprotocol-TX-Module/DIY-Multiprotocol-TX-Module/build/sketch/Multiprotocol.ino.cpp.o
 .text._Z28ESKY150_convert_2bit_channelh
                0x00000000080040dc       0x2c /home/runner/work/DIY-Multiprotocol-TX-Module/DIY-Multiprotocol-TX-Module/build/sketch/Multiprotocol.ino.cpp.o
                0x00000000080040dc                ESKY150_convert_2bit_channel(unsigned char)
 .text._Z10FrSkyX_crcPhht
                0x0000000008004108       0x38 /home/runner/work/DIY-Multiprotocol-TX-Module/DIY-Multiprotocol-TX-Module/build/sketch/Multiprotocol.ino.cpp.o
                0x0000000008004108                FrSkyX_crc(unsigned char*, unsigned char, unsigned short)
 .text._ZL22frskyx_rx_check_crc_idbb
                0x0000000008004140      0x140 /home/runner/work/DIY-Multiprotocol-TX-Module/DIY-Multiprotocol-TX-Module/build/sketch/Multiprotocol.ino.cpp.o
 .text._Z14Frsky_init_hopv
                0x0000000008004280       0x70 /home/runner/work/DIY-Multiprotocol-TX-Module/DIY-Multiprotocol-TX-Module/build/sketch/Multiprotocol.ino.cpp.o
                0x0000000008004280                Frsky_init_hop()
 .text._Z16FrSkyX2_init_hopv
                0x00000000080042f0       0xf0 /home/runner/work/DIY-Multiprotocol-TX-Module/DIY-Multiprotocol-TX-Module/build/sketch/Multiprotocol.ino.cpp.o
                0x00000000080042f0                FrSkyX2_init_hop()
 .text._Z16Frsky_init_clonev
                0x00000000080043e0       0xc0 /home/runner/work/DIY-Multiprotocol-TX-Module/DIY-Multiprotocol-TX-Module/build/sketch/Multiprotocol.ino.cpp.o
                0x00000000080043e0                Frsky_init_clone()
 .text._Z16CONFIG_write_GIDm
                0x00000000080044a0       0x28 /home/runner/work/DIY-Multiprotocol-TX-Module/DIY-Multiprotocol-TX-Module/build/sketch/Multiprotocol.ino.cpp.o
                0x00000000080044a0                CONFIG_write_GID(unsigned long)
 .text._Z16CONFIG_write_CIDPh
                0x00000000080044c8       0x20 /home/runner/work/DIY-Multiprotocol-TX-Module/DIY-Multiprotocol-TX-Module/build/sketch/Multiprotocol.ino.cpp.o
                0x00000000080044c8                CONFIG_write_CID(unsigned char*)
 .text._Z12Q90C_channelhssss
                0x00000000080044e8       0x30 /home/runner/work/DIY-Multiprotocol-TX-Module/DIY-Multiprotocol-TX-Module/build/sketch/Multiprotocol.ino.cpp.o
                0x00000000080044e8                Q90C_channel(unsigned char, short, short, short, short)
 .text._Z8initSPI2v
                0x0000000008004518       0x40 /home/runner/work/DIY-Multiprotocol-TX-Module/DIY-Multiprotocol-TX-Module/build/sketch/Multiprotocol.ino.cpp.o
                0x0000000008004518                initSPI2()
 .text._Z9SPI_Writeh
                0x0000000008004558       0x14 /home/runner/work/DIY-Multiprotocol-TX-Module/DIY-Multiprotocol-TX-Module/build/sketch/Multiprotocol.ino.cpp.o
                0x0000000008004558                SPI_Write(unsigned char)
 .text._Z14A7105_WriteReghh
                0x000000000800456c       0x28 /home/runner/work/DIY-Multiprotocol-TX-Module/DIY-Multiprotocol-TX-Module/build/sketch/Multiprotocol.ino.cpp.o
                0x000000000800456c                A7105_WriteReg(unsigned char, unsigned char)
 .text._Z17A7105_SetTxRxModeh.part.15
                0x0000000008004594       0x16 /home/runner/work/DIY-Multiprotocol-TX-Module/DIY-Multiprotocol-TX-Module/build/sketch/Multiprotocol.ino.cpp.o
 .text._Z17A7105_SetTxRxModeh
                0x00000000080045aa       0x28 /home/runner/work/DIY-Multiprotocol-TX-Module/DIY-Multiprotocol-TX-Module/build/sketch/Multiprotocol.ino.cpp.o
                0x00000000080045aa                A7105_SetTxRxMode(unsigned char)
 *fill*         0x00000000080045d2        0x2 
 .text._Z14A7105_SetPowerv
                0x00000000080045d4       0x3c /home/runner/work/DIY-Multiprotocol-TX-Module/DIY-Multiprotocol-TX-Module/build/sketch/Multiprotocol.ino.cpp.o
                0x00000000080045d4                A7105_SetPower()
 .text._Z13A7105_WriteIDm
                0x0000000008004610       0x3a /home/runner/work/DIY-Multiprotocol-TX-Module/DIY-Multiprotocol-TX-Module/build/sketch/Multiprotocol.ino.cpp.o
                0x0000000008004610                A7105_WriteID(unsigned long)
 *fill*         0x000000000800464a        0x2 
 .text._ZL19BUGS_set_radio_datav
                0x000000000800464c       0xf0 /home/runner/work/DIY-Multiprotocol-TX-Module/DIY-Multiprotocol-TX-Module/build/sketch/Multiprotocol.ino.cpp.o
 .text._Z12A7105_Strobeh
                0x000000000800473c       0x1e /home/runner/work/DIY-Multiprotocol-TX-Module/DIY-Multiprotocol-TX-Module/build/sketch/Multiprotocol.ino.cpp.o
                0x000000000800473c                A7105_Strobe(unsigned char)
 *fill*         0x000000000800475a        0x2 
 .text._Z15A7105_WriteDatahh
                0x000000000800475c       0x78 /home/runner/work/DIY-Multiprotocol-TX-Module/DIY-Multiprotocol-TX-Module/build/sketch/Multiprotocol.ino.cpp.o
                0x000000000800475c                A7105_WriteData(unsigned char, unsigned char)
 .text._Z15FLYSKY_callbackv
                0x00000000080047d4      0x200 /home/runner/work/DIY-Multiprotocol-TX-Module/DIY-Multiprotocol-TX-Module/build/sketch/Multiprotocol.ino.cpp.o
                0x00000000080047d4                FLYSKY_callback()
 .text._Z16PELIKAN_callbackv
                0x00000000080049d4      0x274 /home/runner/work/DIY-Multiprotocol-TX-Module/DIY-Multiprotocol-TX-Module/build/sketch/Multiprotocol.ino.cpp.o
                0x00000000080049d4                PELIKAN_callback()
 .text._Z15HEIGHT_callbackv
                0x0000000008004c48       0xf4 /home/runner/work/DIY-Multiprotocol-TX-Module/DIY-Multiprotocol-TX-Module/build/sketch/Multiprotocol.ino.cpp.o
                0x0000000008004c48                HEIGHT_callback()
 .text._Z15KYOSHO_callbackv
                0x0000000008004d3c      0x120 /home/runner/work/DIY-Multiprotocol-TX-Module/DIY-Multiprotocol-TX-Module/build/sketch/Multiprotocol.ino.cpp.o
                0x0000000008004d3c                KYOSHO_callback()
 .text._ZL25CC2500_WriteRegisterMultihPKhh
                0x0000000008004e5c       0x34 /home/runner/work/DIY-Multiprotocol-TX-Module/DIY-Multiprotocol-TX-Module/build/sketch/Multiprotocol.ino.cpp.o
 .text._Z15CC2500_WriteReghh
                0x0000000008004e90       0x28 /home/runner/work/DIY-Multiprotocol-TX-Module/DIY-Multiprotocol-TX-Module/build/sketch/Multiprotocol.ino.cpp.o
                0x0000000008004e90                CC2500_WriteReg(unsigned char, unsigned char)
 .text._Z18CC2500_SetTxRxModeh.part.19
                0x0000000008004eb8       0x16 /home/runner/work/DIY-Multiprotocol-TX-Module/DIY-Multiprotocol-TX-Module/build/sketch/Multiprotocol.ino.cpp.o
 .text._Z18CC2500_SetTxRxModeh
                0x0000000008004ece       0x30 /home/runner/work/DIY-Multiprotocol-TX-Module/DIY-Multiprotocol-TX-Module/build/sketch/Multiprotocol.ino.cpp.o
                0x0000000008004ece                CC2500_SetTxRxMode(unsigned char)
 *fill*         0x0000000008004efe        0x2 
 .text._Z15CC2500_SetPowerv
                0x0000000008004f00       0x50 /home/runner/work/DIY-Multiprotocol-TX-Module/DIY-Multiprotocol-TX-Module/build/sketch/Multiprotocol.ino.cpp.o
                0x0000000008004f00                CC2500_SetPower()
 .text._Z20CC2500_SetFreqOffsetv
                0x0000000008004f50       0x20 /home/runner/work/DIY-Multiprotocol-TX-Module/DIY-Multiprotocol-TX-Module/build/sketch/Multiprotocol.ino.cpp.o
                0x0000000008004f50                CC2500_SetFreqOffset()
 .text._ZL19XN297_SetFreqOffsetv
                0x0000000008004f70       0x10 /home/runner/work/DIY-Multiprotocol-TX-Module/DIY-Multiprotocol-TX-Module/build/sketch/Multiprotocol.ino.cpp.o
 .text._Z19CC2500_250K_Hoppingh
                0x0000000008004f80       0x2c /home/runner/work/DIY-Multiprotocol-TX-Module/DIY-Multiprotocol-TX-Module/build/sketch/Multiprotocol.ino.cpp.o
                0x0000000008004f80                CC2500_250K_Hopping(unsigned char)
 .text._ZL22FrSkyX_initialize_datah
                0x0000000008004fac       0x2c /home/runner/work/DIY-Multiprotocol-TX-Module/DIY-Multiprotocol-TX-Module/build/sketch/Multiprotocol.ino.cpp.o
 .text._Z13CC2500_Strobeh
                0x0000000008004fd8       0x1e /home/runner/work/DIY-Multiprotocol-TX-Module/DIY-Multiprotocol-TX-Module/build/sketch/Multiprotocol.ino.cpp.o
                0x0000000008004fd8                CC2500_Strobe(unsigned char)
 *fill*         0x0000000008004ff6        0x2 
 .text._ZL14ARES_tune_chanv
                0x0000000008004ff8       0x30 /home/runner/work/DIY-Multiprotocol-TX-Module/DIY-Multiprotocol-TX-Module/build/sketch/Multiprotocol.ino.cpp.o
 .text._ZL23XN297_SendCC2500Payloadv
                0x0000000008005028       0x48 /home/runner/work/DIY-Multiprotocol-TX-Module/DIY-Multiprotocol-TX-Module/build/sketch/Multiprotocol.ino.cpp.o
 .text._Z16CC2500_WriteDataPhh
                0x0000000008005070       0x20 /home/runner/work/DIY-Multiprotocol-TX-Module/DIY-Multiprotocol-TX-Module/build/sketch/Multiprotocol.ino.cpp.o
                0x0000000008005070                CC2500_WriteData(unsigned char*, unsigned char)
 .text._Z15CORONA_callbackv
                0x0000000008005090      0x244 /home/runner/work/DIY-Multiprotocol-TX-Module/DIY-Multiprotocol-TX-Module/build/sketch/Multiprotocol.ino.cpp.o
                0x0000000008005090                CORONA_callback()
 .text._ZL17SFHSS_send_packetv
                0x00000000080052d4      0x164 /home/runner/work/DIY-Multiprotocol-TX-Module/DIY-Multiprotocol-TX-Module/build/sketch/Multiprotocol.ino.cpp.o
 .text._Z16CC2500_250K_Initv
                0x0000000008005438       0xcc /home/runner/work/DIY-Multiprotocol-TX-Module/DIY-Multiprotocol-TX-Module/build/sketch/Multiprotocol.ino.cpp.o
                0x0000000008005438                CC2500_250K_Init()
 .text._Z21CC2500_250K_RFChannelh
                0x0000000008005504       0x28 /home/runner/work/DIY-Multiprotocol-TX-Module/DIY-Multiprotocol-TX-Module/build/sketch/Multiprotocol.ino.cpp.o
                0x0000000008005504                CC2500_250K_RFChannel(unsigned char)
 .text._Z12E016HV2_initv
                0x000000000800552c       0x84 /home/runner/work/DIY-Multiprotocol-TX-Module/DIY-Multiprotocol-TX-Module/build/sketch/Multiprotocol.ino.cpp.o
                0x000000000800552c                E016HV2_init()
 .text._Z11CORONA_initv
                0x00000000080055b0      0x18c /home/runner/work/DIY-Multiprotocol-TX-Module/DIY-Multiprotocol-TX-Module/build/sketch/Multiprotocol.ino.cpp.o
                0x00000000080055b0                CORONA_init()
 .text._Z16E016HV2_callbackv
                0x000000000800573c      0x18c /home/runner/work/DIY-Multiprotocol-TX-Module/DIY-Multiprotocol-TX-Module/build/sketch/Multiprotocol.ino.cpp.o
                0x000000000800573c                E016HV2_callback()
 .text._Z17FRSKY_init_cc2500PKh
                0x00000000080058c8       0x54 /home/runner/work/DIY-Multiprotocol-TX-Module/DIY-Multiprotocol-TX-Module/build/sketch/Multiprotocol.ino.cpp.o
                0x00000000080058c8                FRSKY_init_cc2500(unsigned char const*)
 .text._Z11FRSKYV_initv
                0x000000000800591c       0x78 /home/runner/work/DIY-Multiprotocol-TX-Module/DIY-Multiprotocol-TX-Module/build/sketch/Multiprotocol.ino.cpp.o
                0x000000000800591c                FRSKYV_init()
 .text._ZL14FRSKYD_RF_initv
                0x0000000008005994       0x64 /home/runner/work/DIY-Multiprotocol-TX-Module/DIY-Multiprotocol-TX-Module/build/sketch/Multiprotocol.ino.cpp.o
 .text._Z11FRSKYD_initv
                0x00000000080059f8       0x88 /home/runner/work/DIY-Multiprotocol-TX-Module/DIY-Multiprotocol-TX-Module/build/sketch/Multiprotocol.ino.cpp.o
                0x00000000080059f8                FRSKYD_init()
 .text._ZL16FrSkyX_set_starth
                0x0000000008005a80       0x2c /home/runner/work/DIY-Multiprotocol-TX-Module/DIY-Multiprotocol-TX-Module/build/sketch/Multiprotocol.ino.cpp.o
 .text._Z15FRSKYL_callbackv
                0x0000000008005aac      0x27c /home/runner/work/DIY-Multiprotocol-TX-Module/DIY-Multiprotocol-TX-Module/build/sketch/Multiprotocol.ino.cpp.o
                0x0000000008005aac                FRSKYL_callback()
 .text._Z15FRSKYV_callbackv
                0x0000000008005d28      0x184 /home/runner/work/DIY-Multiprotocol-TX-Module/DIY-Multiprotocol-TX-Module/build/sketch/Multiprotocol.ino.cpp.o
                0x0000000008005d28                FRSKYV_callback()
 .text._ZL18FRSKY_RX_strobe_rxv
                0x0000000008005eac       0x18 /home/runner/work/DIY-Multiprotocol-TX-Module/DIY-Multiprotocol-TX-Module/build/sketch/Multiprotocol.ino.cpp.o
 .text._ZL20FRSKY_RX_set_channelh
                0x0000000008005ec4       0x3c /home/runner/work/DIY-Multiprotocol-TX-Module/DIY-Multiprotocol-TX-Module/build/sketch/Multiprotocol.ino.cpp.o
 .text._ZL15SFHSS_tune_chanv
                0x0000000008005f00       0x2c /home/runner/work/DIY-Multiprotocol-TX-Module/DIY-Multiprotocol-TX-Module/build/sketch/Multiprotocol.ino.cpp.o
 .text._Z10SFHSS_initv
                0x0000000008005f2c       0xb8 /home/runner/work/DIY-Multiprotocol-TX-Module/DIY-Multiprotocol-TX-Module/build/sketch/Multiprotocol.ino.cpp.o
                0x0000000008005f2c                SFHSS_init()
 .text._ZL14HOTT_tune_chanv
                0x0000000008005fe4       0x28 /home/runner/work/DIY-Multiprotocol-TX-Module/DIY-Multiprotocol-TX-Module/build/sketch/Multiprotocol.ino.cpp.o
 .text._Z9HOTT_initv
                0x000000000800600c       0xc0 /home/runner/work/DIY-Multiprotocol-TX-Module/DIY-Multiprotocol-TX-Module/build/sketch/Multiprotocol.ino.cpp.o
                0x000000000800600c                HOTT_init()
 .text._ZL15HITEC_tune_chanv
                0x00000000080060cc       0x50 /home/runner/work/DIY-Multiprotocol-TX-Module/DIY-Multiprotocol-TX-Module/build/sketch/Multiprotocol.ino.cpp.o
 .text._Z17SKYARTEC_callbackv
                0x000000000800611c      0x180 /home/runner/work/DIY-Multiprotocol-TX-Module/DIY-Multiprotocol-TX-Module/build/sketch/Multiprotocol.ino.cpp.o
                0x000000000800611c                SKYARTEC_callback()
 .text._Z13SKYARTEC_initv
                0x000000000800629c       0x8c /home/runner/work/DIY-Multiprotocol-TX-Module/DIY-Multiprotocol-TX-Module/build/sketch/Multiprotocol.ino.cpp.o
                0x000000000800629c                SKYARTEC_init()
 .text._Z18CYRF_WriteRegisterhh
                0x0000000008006328       0x28 /home/runner/work/DIY-Multiprotocol-TX-Module/DIY-Multiprotocol-TX-Module/build/sketch/Multiprotocol.ino.cpp.o
                0x0000000008006328                CYRF_WriteRegister(unsigned char, unsigned char)
 .text._Z16CYRF_SetTxRxModeh
                0x0000000008006350       0x4c /home/runner/work/DIY-Multiprotocol-TX-Module/DIY-Multiprotocol-TX-Module/build/sketch/Multiprotocol.ino.cpp.o
                0x0000000008006350                CYRF_SetTxRxMode(unsigned char)
 .text._Z20CYRF_ConfigRFChannelh
                0x000000000800639c        0x8 /home/runner/work/DIY-Multiprotocol-TX-Module/DIY-Multiprotocol-TX-Module/build/sketch/Multiprotocol.ino.cpp.o
                0x000000000800639c                CYRF_ConfigRFChannel(unsigned char)
 .text._Z13CYRF_SetPowerh
                0x00000000080063a4       0x40 /home/runner/work/DIY-Multiprotocol-TX-Module/DIY-Multiprotocol-TX-Module/build/sketch/Multiprotocol.ino.cpp.o
                0x00000000080063a4                CYRF_SetPower(unsigned char)
 .text._Z18CYRF_ConfigCRCSeedt
                0x00000000080063e4       0x18 /home/runner/work/DIY-Multiprotocol-TX-Module/DIY-Multiprotocol-TX-Module/build/sketch/Multiprotocol.ino.cpp.o
                0x00000000080063e4                CYRF_ConfigCRCSeed(unsigned short)
 .text._ZL19DSM_cyrf_configdatav
                0x00000000080063fc       0x1c /home/runner/work/DIY-Multiprotocol-TX-Module/DIY-Multiprotocol-TX-Module/build/sketch/Multiprotocol.ino.cpp.o
 .text._ZL14DEVO_cyrf_initv
                0x0000000008006418       0x1c /home/runner/work/DIY-Multiprotocol-TX-Module/DIY-Multiprotocol-TX-Module/build/sketch/Multiprotocol.ino.cpp.o
 .text._Z12SCORPIO_initv
                0x0000000008006434       0xa4 /home/runner/work/DIY-Multiprotocol-TX-Module/DIY-Multiprotocol-TX-Module/build/sketch/Multiprotocol.ino.cpp.o
                0x0000000008006434                SCORPIO_init()
 .text._ZL23CYRF_WriteRegisterMultihPKhh
                0x00000000080064d8       0x34 /home/runner/work/DIY-Multiprotocol-TX-Module/DIY-Multiprotocol-TX-Module/build/sketch/Multiprotocol.ino.cpp.o
 .text._Z18CYRF_ConfigSOPCodePKh
                0x000000000800650c        0xa /home/runner/work/DIY-Multiprotocol-TX-Module/DIY-Multiprotocol-TX-Module/build/sketch/Multiprotocol.ino.cpp.o
                0x000000000800650c                CYRF_ConfigSOPCode(unsigned char const*)
 .text._ZL26CYRF_PROGMEM_ConfigSOPCodePKh
                0x0000000008006516       0x1e /home/runner/work/DIY-Multiprotocol-TX-Module/DIY-Multiprotocol-TX-Module/build/sketch/Multiprotocol.ino.cpp.o
 .text._ZL28DEVO_cyrf_set_bound_sop_codev
                0x0000000008006534       0x58 /home/runner/work/DIY-Multiprotocol-TX-Module/DIY-Multiprotocol-TX-Module/build/sketch/Multiprotocol.ino.cpp.o
 .text._Z9WFLY_initv
                0x000000000800658c      0x100 /home/runner/work/DIY-Multiprotocol-TX-Module/DIY-Multiprotocol-TX-Module/build/sketch/Multiprotocol.ino.cpp.o
                0x000000000800658c                WFLY_init()
 .text._Z19CYRF_ConfigDataCodePKh
                0x000000000800668c        0xa /home/runner/work/DIY-Multiprotocol-TX-Module/DIY-Multiprotocol-TX-Module/build/sketch/Multiprotocol.ino.cpp.o
                0x000000000800668c                CYRF_ConfigDataCode(unsigned char const*)
 *fill*         0x0000000008006696        0x2 
 .text._ZL20DSM_set_sop_data_crcbb
                0x0000000008006698       0xd0 /home/runner/work/DIY-Multiprotocol-TX-Module/DIY-Multiprotocol-TX-Module/build/sketch/Multiprotocol.ino.cpp.o
 .text._ZL20DSM_abort_channel_rxh
                0x0000000008006768       0x88 /home/runner/work/DIY-Multiprotocol-TX-Module/DIY-Multiprotocol-TX-Module/build/sketch/Multiprotocol.ino.cpp.o
 .text._ZL23CYRF_WriteDataPacketLenPKhh
                0x00000000080067f0       0x2a /home/runner/work/DIY-Multiprotocol-TX-Module/DIY-Multiprotocol-TX-Module/build/sketch/Multiprotocol.ino.cpp.o
 .text._Z20CYRF_WriteDataPacketPKh
                0x000000000800681a        0x6 /home/runner/work/DIY-Multiprotocol-TX-Module/DIY-Multiprotocol-TX-Module/build/sketch/Multiprotocol.ino.cpp.o
                0x000000000800681a                CYRF_WriteDataPacket(unsigned char const*)
 .text._ZL22MLINK_send_data_packetv
                0x0000000008006820      0x19c /home/runner/work/DIY-Multiprotocol-TX-Module/DIY-Multiprotocol-TX-Module/build/sketch/Multiprotocol.ino.cpp.o
 .text._Z16SCORPIO_callbackv
                0x00000000080069bc       0xe4 /home/runner/work/DIY-Multiprotocol-TX-Module/DIY-Multiprotocol-TX-Module/build/sketch/Multiprotocol.ino.cpp.o
                0x00000000080069bc                SCORPIO_callback()
 .text._Z18CYRF_WritePreamblem
                0x0000000008006aa0       0x34 /home/runner/work/DIY-Multiprotocol-TX-Module/DIY-Multiprotocol-TX-Module/build/sketch/Multiprotocol.ino.cpp.o
                0x0000000008006aa0                CYRF_WritePreamble(unsigned long)
 .text._ZL15DSM_cyrf_configv
                0x0000000008006ad4       0x28 /home/runner/work/DIY-Multiprotocol-TX-Module/DIY-Multiprotocol-TX-Module/build/sketch/Multiprotocol.ino.cpp.o
 .text._Z11DSM_RX_initv
                0x0000000008006afc       0xf4 /home/runner/work/DIY-Multiprotocol-TX-Module/DIY-Multiprotocol-TX-Module/build/sketch/Multiprotocol.ino.cpp.o
                0x0000000008006afc                DSM_RX_init()
 .text._ZL16CYRF_GFSK1M_Inithh
                0x0000000008006bf0       0x44 /home/runner/work/DIY-Multiprotocol-TX-Module/DIY-Multiprotocol-TX-Module/build/sketch/Multiprotocol.ino.cpp.o
 .text._Z9E129_initv
                0x0000000008006c34       0xa0 /home/runner/work/DIY-Multiprotocol-TX-Module/DIY-Multiprotocol-TX-Module/build/sketch/Multiprotocol.ino.cpp.o
                0x0000000008006c34                E129_init()
 .text._Z9E01X_initv
                0x0000000008006cd4       0xe0 /home/runner/work/DIY-Multiprotocol-TX-Module/DIY-Multiprotocol-TX-Module/build/sketch/Multiprotocol.ino.cpp.o
                0x0000000008006cd4                E01X_init()
 .text._Z11E010R5_initv
                0x0000000008006db4       0xe8 /home/runner/work/DIY-Multiprotocol-TX-Module/DIY-Multiprotocol-TX-Module/build/sketch/Multiprotocol.ino.cpp.o
                0x0000000008006db4                E010R5_init()
 .text._Z10MLINK_initv
                0x0000000008006e9c       0xf0 /home/runner/work/DIY-Multiprotocol-TX-Module/DIY-Multiprotocol-TX-Module/build/sketch/Multiprotocol.ino.cpp.o
                0x0000000008006e9c                MLINK_init()
 .text._ZL15NRF24L01_Strobeh
                0x0000000008006f8c       0x1e /home/runner/work/DIY-Multiprotocol-TX-Module/DIY-Multiprotocol-TX-Module/build/sketch/Multiprotocol.ino.cpp.o
 .text._Z16NRF24L01_FlushTxv
                0x0000000008006faa        0x6 /home/runner/work/DIY-Multiprotocol-TX-Module/DIY-Multiprotocol-TX-Module/build/sketch/Multiprotocol.ino.cpp.o
                0x0000000008006faa                NRF24L01_FlushTx()
 .text._Z16NRF24L01_FlushRxv
                0x0000000008006fb0        0x6 /home/runner/work/DIY-Multiprotocol-TX-Module/DIY-Multiprotocol-TX-Module/build/sketch/Multiprotocol.ino.cpp.o
                0x0000000008006fb0                NRF24L01_FlushRx()
 .text._Z17NRF24L01_WriteReghh
                0x0000000008006fb6       0x2c /home/runner/work/DIY-Multiprotocol-TX-Module/DIY-Multiprotocol-TX-Module/build/sketch/Multiprotocol.ino.cpp.o
                0x0000000008006fb6                NRF24L01_WriteReg(unsigned char, unsigned char)
 *fill*         0x0000000008006fe2        0x2 
 .text._ZL13XN297_Hoppingh
                0x0000000008006fe4       0x30 /home/runner/work/DIY-Multiprotocol-TX-Module/DIY-Multiprotocol-TX-Module/build/sketch/Multiprotocol.ino.cpp.o
 .text._ZL17XN297_SetTxRxMode10TXRX_State
                0x0000000008007014       0x94 /home/runner/work/DIY-Multiprotocol-TX-Module/DIY-Multiprotocol-TX-Module/build/sketch/Multiprotocol.ino.cpp.o
 .text._ZL15XN297_RFChannelh
                0x00000000080070a8       0x28 /home/runner/work/DIY-Multiprotocol-TX-Module/DIY-Multiprotocol-TX-Module/build/sketch/Multiprotocol.ino.cpp.o
 .text._Z19NRF24L01_SetBitrateh
                0x00000000080070d0       0x30 /home/runner/work/DIY-Multiprotocol-TX-Module/DIY-Multiprotocol-TX-Module/build/sketch/Multiprotocol.ino.cpp.o
                0x00000000080070d0                NRF24L01_SetBitrate(unsigned char)
 .text._Z17NRF24L01_SetPowerv
                0x0000000008007100       0x5c /home/runner/work/DIY-Multiprotocol-TX-Module/DIY-Multiprotocol-TX-Module/build/sketch/Multiprotocol.ino.cpp.o
                0x0000000008007100                NRF24L01_SetPower()
 .text._ZL14XN297_SetPowerv
                0x000000000800715c       0x20 /home/runner/work/DIY-Multiprotocol-TX-Module/DIY-Multiprotocol-TX-Module/build/sketch/Multiprotocol.ino.cpp.o
 .text._Z20NRF24L01_SetTxRxMode10TXRX_State
                0x000000000800717c       0x36 /home/runner/work/DIY-Multiprotocol-TX-Module/DIY-Multiprotocol-TX-Module/build/sketch/Multiprotocol.ino.cpp.o
                0x000000000800717c                NRF24L01_SetTxRxMode(TXRX_State)
 *fill*         0x00000000080071b2        0x2 
 .text._Z19NRF24L01_Initializev
                0x00000000080071b4       0x64 /home/runner/work/DIY-Multiprotocol-TX-Module/DIY-Multiprotocol-TX-Module/build/sketch/Multiprotocol.ino.cpp.o
                0x00000000080071b4                NRF24L01_Initialize()
 .text._ZL15XN297_Configurebbbb.constprop.76
                0x0000000008007218       0x64 /home/runner/work/DIY-Multiprotocol-TX-Module/DIY-Multiprotocol-TX-Module/build/sketch/Multiprotocol.ino.cpp.o
 .text._ZL16BUGSMINI_RF_initv
                0x000000000800727c        0xa /home/runner/work/DIY-Multiprotocol-TX-Module/DIY-Multiprotocol-TX-Module/build/sketch/Multiprotocol.ino.cpp.o
 *fill*         0x0000000008007286        0x2 
 .text._Z11XERALL_initv
                0x0000000008007288       0x78 /home/runner/work/DIY-Multiprotocol-TX-Module/DIY-Multiprotocol-TX-Module/build/sketch/Multiprotocol.ino.cpp.o
                0x0000000008007288                XERALL_init()
 .text._Z12YUXIANG_initv
                0x0000000008007300       0xc0 /home/runner/work/DIY-Multiprotocol-TX-Module/DIY-Multiprotocol-TX-Module/build/sketch/Multiprotocol.ino.cpp.o
                0x0000000008007300                YUXIANG_init()
 .text._Z7KN_initv
                0x00000000080073c0      0x178 /home/runner/work/DIY-Multiprotocol-TX-Module/DIY-Multiprotocol-TX-Module/build/sketch/Multiprotocol.ino.cpp.o
                0x00000000080073c0                KN_init()
 .text._Z27NRF24L01_WriteRegisterMultihPhh
                0x0000000008007538       0x38 /home/runner/work/DIY-Multiprotocol-TX-Module/DIY-Multiprotocol-TX-Module/build/sketch/Multiprotocol.ino.cpp.o
                0x0000000008007538                NRF24L01_WriteRegisterMulti(unsigned char, unsigned char*, unsigned char)
 .text._Z13ASSAN_RF_initv
                0x0000000008007570       0x34 /home/runner/work/DIY-Multiprotocol-TX-Module/DIY-Multiprotocol-TX-Module/build/sketch/Multiprotocol.ino.cpp.o
                0x0000000008007570                ASSAN_RF_init()
 .text._Z10ASSAN_initv
                0x00000000080075a4       0xac /home/runner/work/DIY-Multiprotocol-TX-Module/DIY-Multiprotocol-TX-Module/build/sketch/Multiprotocol.ino.cpp.o
                0x00000000080075a4                ASSAN_init()
 .text._ZL15XN297_SetTXAddrPKhh
                0x0000000008007650       0x58 /home/runner/work/DIY-Multiprotocol-TX-Module/DIY-Multiprotocol-TX-Module/build/sketch/Multiprotocol.ino.cpp.o
 .text._Z11BAYANG_initv
                0x00000000080076a8       0x9c /home/runner/work/DIY-Multiprotocol-TX-Module/DIY-Multiprotocol-TX-Module/build/sketch/Multiprotocol.ino.cpp.o
                0x00000000080076a8                BAYANG_init()
 .text._Z10CG023_initv
                0x0000000008007744       0x78 /home/runner/work/DIY-Multiprotocol-TX-Module/DIY-Multiprotocol-TX-Module/build/sketch/Multiprotocol.ino.cpp.o
                0x0000000008007744                CG023_init()
 .text._Z10DM002_initv
                0x00000000080077bc       0x9c /home/runner/work/DIY-Multiprotocol-TX-Module/DIY-Multiprotocol-TX-Module/build/sketch/Multiprotocol.ino.cpp.o
                0x00000000080077bc                DM002_init()
 .text._Z10E016H_initv
                0x0000000008007858       0x7c /home/runner/work/DIY-Multiprotocol-TX-Module/DIY-Multiprotocol-TX-Module/build/sketch/Multiprotocol.ino.cpp.o
                0x0000000008007858                E016H_init()
 .text._Z7FX_initv
                0x00000000080078d4      0x134 /home/runner/work/DIY-Multiprotocol-TX-Module/DIY-Multiprotocol-TX-Module/build/sketch/Multiprotocol.ino.cpp.o
                0x00000000080078d4                FX_init()
 .text._Z8H36_initv
                0x0000000008007a08       0x5c /home/runner/work/DIY-Multiprotocol-TX-Module/DIY-Multiprotocol-TX-Module/build/sketch/Multiprotocol.ino.cpp.o
                0x0000000008007a08                H36_init()
 .text._Z10H8_3D_initv
                0x0000000008007a64      0x118 /home/runner/work/DIY-Multiprotocol-TX-Module/DIY-Multiprotocol-TX-Module/build/sketch/Multiprotocol.ino.cpp.o
                0x0000000008007a64                H8_3D_init()
 .text._Z12JJRC345_initv
                0x0000000008007b7c       0x54 /home/runner/work/DIY-Multiprotocol-TX-Module/DIY-Multiprotocol-TX-Module/build/sketch/Multiprotocol.ino.cpp.o
                0x0000000008007b7c                JJRC345_init()
 .text._Z13POTENSIC_initv
                0x0000000008007bd0       0x54 /home/runner/work/DIY-Multiprotocol-TX-Module/DIY-Multiprotocol-TX-Module/build/sketch/Multiprotocol.ino.cpp.o
                0x0000000008007bd0                POTENSIC_init()
 .text._Z12REALACC_initv
                0x0000000008007c24       0x58 /home/runner/work/DIY-Multiprotocol-TX-Module/DIY-Multiprotocol-TX-Module/build/sketch/Multiprotocol.ino.cpp.o
                0x0000000008007c24                REALACC_init()
 .text._Z8ZSX_initv
                0x0000000008007c7c       0x44 /home/runner/work/DIY-Multiprotocol-TX-Module/DIY-Multiprotocol-TX-Module/build/sketch/Multiprotocol.ino.cpp.o
                0x0000000008007c7c                ZSX_init()
 .text._ZL15XN297_SetRXAddrPKhh
                0x0000000008007cc0       0xc0 /home/runner/work/DIY-Multiprotocol-TX-Module/DIY-Multiprotocol-TX-Module/build/sketch/Multiprotocol.ino.cpp.o
 .text._Z13BUGSMINI_initv
                0x0000000008007d80       0xec /home/runner/work/DIY-Multiprotocol-TX-Module/DIY-Multiprotocol-TX-Module/build/sketch/Multiprotocol.ino.cpp.o
                0x0000000008007d80                BUGSMINI_init()
 .text._Z14BAYANG_RX_initv
                0x0000000008007e6c       0xd0 /home/runner/work/DIY-Multiprotocol-TX-Module/DIY-Multiprotocol-TX-Module/build/sketch/Multiprotocol.ino.cpp.o
                0x0000000008007e6c                BAYANG_RX_init()
 .text._Z9CX10_initv
                0x0000000008007f3c      0x114 /home/runner/work/DIY-Multiprotocol-TX-Module/DIY-Multiprotocol-TX-Module/build/sketch/Multiprotocol.ino.cpp.o
                0x0000000008007f3c                CX10_init()
 .text._Z10GW008_initv
                0x0000000008008050       0x80 /home/runner/work/DIY-Multiprotocol-TX-Module/DIY-Multiprotocol-TX-Module/build/sketch/Multiprotocol.ino.cpp.o
                0x0000000008008050                GW008_init()
 .text._Z10SGF22_initv
                0x00000000080080d0      0x114 /home/runner/work/DIY-Multiprotocol-TX-Module/DIY-Multiprotocol-TX-Module/build/sketch/Multiprotocol.ino.cpp.o
                0x00000000080080d0                SGF22_init()
 .text._Z9V761_initv
                0x00000000080081e4       0xdc /home/runner/work/DIY-Multiprotocol-TX-Module/DIY-Multiprotocol-TX-Module/build/sketch/Multiprotocol.ino.cpp.o
                0x00000000080081e4                V761_init()
 .text._Z10CFLIE_initv
                0x00000000080082c0       0xa0 /home/runner/work/DIY-Multiprotocol-TX-Module/DIY-Multiprotocol-TX-Module/build/sketch/Multiprotocol.ino.cpp.o
                0x00000000080082c0                CFLIE_init()
 .text._Z12ESKY150_initv
                0x0000000008008360       0xe4 /home/runner/work/DIY-Multiprotocol-TX-Module/DIY-Multiprotocol-TX-Module/build/sketch/Multiprotocol.ino.cpp.o
                0x0000000008008360                ESKY150_init()
 .text._ZL21ESKY_set_data_addressv
                0x0000000008008444       0x28 /home/runner/work/DIY-Multiprotocol-TX-Module/DIY-Multiprotocol-TX-Module/build/sketch/Multiprotocol.ino.cpp.o
 .text._Z9ESKY_initv
                0x000000000800846c      0x124 /home/runner/work/DIY-Multiprotocol-TX-Module/DIY-Multiprotocol-TX-Module/build/sketch/Multiprotocol.ino.cpp.o
                0x000000000800846c                ESKY_init()
 .text._Z10FQ777_initv
                0x0000000008008590       0x70 /home/runner/work/DIY-Multiprotocol-TX-Module/DIY-Multiprotocol-TX-Module/build/sketch/Multiprotocol.ino.cpp.o
                0x0000000008008590                FQ777_init()
 .text._Z10FY326_initv
                0x0000000008008600       0xe4 /home/runner/work/DIY-Multiprotocol-TX-Module/DIY-Multiprotocol-TX-Module/build/sketch/Multiprotocol.ino.cpp.o
                0x0000000008008600                FY326_init()
 .text._Z10HISKY_initv
                0x00000000080086e4       0xe8 /home/runner/work/DIY-Multiprotocol-TX-Module/DIY-Multiprotocol-TX-Module/build/sketch/Multiprotocol.ino.cpp.o
                0x00000000080086e4                HISKY_init()
 .text._Z11HONTAI_initv
                0x00000000080087cc       0xd8 /home/runner/work/DIY-Multiprotocol-TX-Module/DIY-Multiprotocol-TX-Module/build/sketch/Multiprotocol.ino.cpp.o
                0x00000000080087cc                HONTAI_init()
 .text._Z12KYOSHO2_initv
                0x00000000080088a4       0x94 /home/runner/work/DIY-Multiprotocol-TX-Module/DIY-Multiprotocol-TX-Module/build/sketch/Multiprotocol.ino.cpp.o
                0x00000000080088a4                KYOSHO2_init()
 .text._Z9LOLI_initv
                0x0000000008008938       0x8c /home/runner/work/DIY-Multiprotocol-TX-Module/DIY-Multiprotocol-TX-Module/build/sketch/Multiprotocol.ino.cpp.o
                0x0000000008008938                LOLI_init()
 .text._Z8NCC_initv
                0x00000000080089c4       0xb4 /home/runner/work/DIY-Multiprotocol-TX-Module/DIY-Multiprotocol-TX-Module/build/sketch/Multiprotocol.ino.cpp.o
                0x00000000080089c4                NCC_init()
 .text._Z11PROPEL_initv
                0x0000000008008a78       0xc0 /home/runner/work/DIY-Multiprotocol-TX-Module/DIY-Multiprotocol-TX-Module/build/sketch/Multiprotocol.ino.cpp.o
                0x0000000008008a78                PROPEL_init()
 .text._Z10SYMAX_initv
                0x0000000008008b38       0xf0 /home/runner/work/DIY-Multiprotocol-TX-Module/DIY-Multiprotocol-TX-Module/build/sketch/Multiprotocol.ino.cpp.o
                0x0000000008008b38                SYMAX_init()
 .text._Z9V2X2_initv
                0x0000000008008c28       0xd4 /home/runner/work/DIY-Multiprotocol-TX-Module/DIY-Multiprotocol-TX-Module/build/sketch/Multiprotocol.ino.cpp.o
                0x0000000008008c28                V2X2_init()
 .text._Z10YD717_initv
                0x0000000008008cfc       0xa8 /home/runner/work/DIY-Multiprotocol-TX-Module/DIY-Multiprotocol-TX-Module/build/sketch/Multiprotocol.ino.cpp.o
                0x0000000008008cfc                YD717_init()
 .text._ZL17NRF250K_SetTXAddrPhh.constprop.84
                0x0000000008008da4       0x3c /home/runner/work/DIY-Multiprotocol-TX-Module/DIY-Multiprotocol-TX-Module/build/sketch/Multiprotocol.ino.cpp.o
 .text._Z21NRF24L01_WritePayloadPhh
                0x0000000008008de0       0x30 /home/runner/work/DIY-Multiprotocol-TX-Module/DIY-Multiprotocol-TX-Module/build/sketch/Multiprotocol.ino.cpp.o
                0x0000000008008de0                NRF24L01_WritePayload(unsigned char*, unsigned char)
 .text._Z17ASSAN_send_packetv
                0x0000000008008e10       0x58 /home/runner/work/DIY-Multiprotocol-TX-Module/DIY-Multiprotocol-TX-Module/build/sketch/Multiprotocol.ino.cpp.o
                0x0000000008008e10                ASSAN_send_packet()
 .text._ZL17XN297_SendPayloadPhh
                0x0000000008008e68       0x4c /home/runner/work/DIY-Multiprotocol-TX-Module/DIY-Multiprotocol-TX-Module/build/sketch/Multiprotocol.ino.cpp.o
 .text._ZL26XN297_WriteEnhancedPayloadPhhh.constprop.80
                0x0000000008008eb4      0x23c /home/runner/work/DIY-Multiprotocol-TX-Module/DIY-Multiprotocol-TX-Module/build/sketch/Multiprotocol.ino.cpp.o
 .text._Z16REALACC_callbackv
                0x00000000080090f0      0x10c /home/runner/work/DIY-Multiprotocol-TX-Module/DIY-Multiprotocol-TX-Module/build/sketch/Multiprotocol.ino.cpp.o
                0x00000000080090f0                REALACC_callback()
 .text._Z13Q90C_callbackv
                0x00000000080091fc      0x1ec /home/runner/work/DIY-Multiprotocol-TX-Module/DIY-Multiprotocol-TX-Module/build/sketch/Multiprotocol.ino.cpp.o
                0x00000000080091fc                Q90C_callback()
 .text._ZL15OMP_send_packetv
                0x00000000080093e8      0x164 /home/runner/work/DIY-Multiprotocol-TX-Module/DIY-Multiprotocol-TX-Module/build/sketch/Multiprotocol.ino.cpp.o
 .text._ZL17GW008_send_packetv
                0x000000000800954c       0xd8 /home/runner/work/DIY-Multiprotocol-TX-Module/DIY-Multiprotocol-TX-Module/build/sketch/Multiprotocol.ino.cpp.o
 .text._ZL18XN297_WritePayloadPhh.constprop.81
                0x0000000008009624      0x158 /home/runner/work/DIY-Multiprotocol-TX-Module/DIY-Multiprotocol-TX-Module/build/sketch/Multiprotocol.ino.cpp.o
 .text._Z14V911S_callbackv
                0x000000000800977c      0x1f4 /home/runner/work/DIY-Multiprotocol-TX-Module/DIY-Multiprotocol-TX-Module/build/sketch/Multiprotocol.ino.cpp.o
                0x000000000800977c                V911S_callback()
 .text._Z12ZSX_callbackv
                0x0000000008009970       0x94 /home/runner/work/DIY-Multiprotocol-TX-Module/DIY-Multiprotocol-TX-Module/build/sketch/Multiprotocol.ino.cpp.o
                0x0000000008009970                ZSX_callback()
 .text._Z11XK_callbackv
                0x0000000008009a04      0x174 /home/runner/work/DIY-Multiprotocol-TX-Module/DIY-Multiprotocol-TX-Module/build/sketch/Multiprotocol.ino.cpp.o
                0x0000000008009a04                XK_callback()
 .text._ZL16V761_send_packetv
                0x0000000008009b78      0x184 /home/runner/work/DIY-Multiprotocol-TX-Module/DIY-Multiprotocol-TX-Module/build/sketch/Multiprotocol.ino.cpp.o
 .text._Z13Q303_callbackv
                0x0000000008009cfc      0x3a0 /home/runner/work/DIY-Multiprotocol-TX-Module/DIY-Multiprotocol-TX-Module/build/sketch/Multiprotocol.ino.cpp.o
                0x0000000008009cfc                Q303_callback()
 .text._Z17POTENSIC_callbackv
                0x000000000800a09c      0x148 /home/runner/work/DIY-Multiprotocol-TX-Module/DIY-Multiprotocol-TX-Module/build/sketch/Multiprotocol.ino.cpp.o
                0x000000000800a09c                POTENSIC_callback()
 .text._Z14KF606_callbackv
                0x000000000800a1e4      0x170 /home/runner/work/DIY-Multiprotocol-TX-Module/DIY-Multiprotocol-TX-Module/build/sketch/Multiprotocol.ino.cpp.o
                0x000000000800a1e4                KF606_callback()
 .text._Z16JJRC345_callbackv
                0x000000000800a354      0x150 /home/runner/work/DIY-Multiprotocol-TX-Module/DIY-Multiprotocol-TX-Module/build/sketch/Multiprotocol.ino.cpp.o
                0x000000000800a354                JJRC345_callback()
 .text._Z14H8_3D_callbackv
                0x000000000800a4a4      0x23c /home/runner/work/DIY-Multiprotocol-TX-Module/DIY-Multiprotocol-TX-Module/build/sketch/Multiprotocol.ino.cpp.o
                0x000000000800a4a4                H8_3D_callback()
 .text._Z12H36_callbackv
                0x000000000800a6e0      0x110 /home/runner/work/DIY-Multiprotocol-TX-Module/DIY-Multiprotocol-TX-Module/build/sketch/Multiprotocol.ino.cpp.o
                0x000000000800a6e0                H36_callback()
 .text._Z14GD00X_callbackv
                0x000000000800a7f0      0x22c /home/runner/work/DIY-Multiprotocol-TX-Module/DIY-Multiprotocol-TX-Module/build/sketch/Multiprotocol.ino.cpp.o
                0x000000000800a7f0                GD00X_callback()
 .text._Z14E016H_callbackv
                0x000000000800aa1c      0x178 /home/runner/work/DIY-Multiprotocol-TX-Module/DIY-Multiprotocol-TX-Module/build/sketch/Multiprotocol.ino.cpp.o
                0x000000000800aa1c                E016H_callback()
 .text._Z14DM002_callbackv
                0x000000000800ab94      0x140 /home/runner/work/DIY-Multiprotocol-TX-Module/DIY-Multiprotocol-TX-Module/build/sketch/Multiprotocol.ino.cpp.o
                0x000000000800ab94                DM002_callback()
 .text._ZL17CX10_Write_Packetv
                0x000000000800acd4      0x2b4 /home/runner/work/DIY-Multiprotocol-TX-Module/DIY-Multiprotocol-TX-Module/build/sketch/Multiprotocol.ino.cpp.o
 .text._Z14CG023_callbackv
                0x000000000800af88      0x14c /home/runner/work/DIY-Multiprotocol-TX-Module/DIY-Multiprotocol-TX-Module/build/sketch/Multiprotocol.ino.cpp.o
                0x000000000800af88                CG023_callback()
 .text._ZL18BAYANG_send_packetv
                0x000000000800b0d4      0x248 /home/runner/work/DIY-Multiprotocol-TX-Module/DIY-Multiprotocol-TX-Module/build/sketch/Multiprotocol.ino.cpp.o
 .text._ZL20BUGSMINI_send_packetv
                0x000000000800b31c      0x19c /home/runner/work/DIY-Multiprotocol-TX-Module/DIY-Multiprotocol-TX-Module/build/sketch/Multiprotocol.ino.cpp.o
 .text._Z16ESKY150_callbackv
                0x000000000800b4b8      0x180 /home/runner/work/DIY-Multiprotocol-TX-Module/DIY-Multiprotocol-TX-Module/build/sketch/Multiprotocol.ino.cpp.o
                0x000000000800b4b8                ESKY150_callback()
 .text._Z14FQ777_callbackv
                0x000000000800b638      0x270 /home/runner/work/DIY-Multiprotocol-TX-Module/DIY-Multiprotocol-TX-Module/build/sketch/Multiprotocol.ino.cpp.o
                0x000000000800b638                FQ777_callback()
 .text._ZL17FY326_send_packeth
                0x000000000800b8a8      0x13c /home/runner/work/DIY-Multiprotocol-TX-Module/DIY-Multiprotocol-TX-Module/build/sketch/Multiprotocol.ino.cpp.o
 .text._Z14HISKY_callbackv
                0x000000000800b9e4      0x168 /home/runner/work/DIY-Multiprotocol-TX-Module/DIY-Multiprotocol-TX-Module/build/sketch/Multiprotocol.ino.cpp.o
                0x000000000800b9e4                HISKY_callback()
 .text._Z15HONTAI_callbackv
                0x000000000800bb4c      0x3ac /home/runner/work/DIY-Multiprotocol-TX-Module/DIY-Multiprotocol-TX-Module/build/sketch/Multiprotocol.ino.cpp.o
                0x000000000800bb4c                HONTAI_callback()
 .text._Z11KN_callbackv
                0x000000000800bef8      0x1f8 /home/runner/work/DIY-Multiprotocol-TX-Module/DIY-Multiprotocol-TX-Module/build/sketch/Multiprotocol.ino.cpp.o
                0x000000000800bef8                KN_callback()
 .text._Z16KYOSHO2_callbackv
                0x000000000800c0f0       0xfc /home/runner/work/DIY-Multiprotocol-TX-Module/DIY-Multiprotocol-TX-Module/build/sketch/Multiprotocol.ino.cpp.o
                0x000000000800c0f0                KYOSHO2_callback()
 .text._ZL16LOLI_send_packetv
                0x000000000800c1ec      0x1e0 /home/runner/work/DIY-Multiprotocol-TX-Module/DIY-Multiprotocol-TX-Module/build/sketch/Multiprotocol.ino.cpp.o
 .text._ZL16MJXQ_send_packeth
                0x000000000800c3cc      0x238 /home/runner/work/DIY-Multiprotocol-TX-Module/DIY-Multiprotocol-TX-Module/build/sketch/Multiprotocol.ino.cpp.o
 .text._ZL11send_packetv
                0x000000000800c604       0x2c /home/runner/work/DIY-Multiprotocol-TX-Module/DIY-Multiprotocol-TX-Module/build/sketch/Multiprotocol.ino.cpp.o
 .text._ZL21send_crtp_rpyt_packetv
                0x000000000800c630       0xcc /home/runner/work/DIY-Multiprotocol-TX-Module/DIY-Multiprotocol-TX-Module/build/sketch/Multiprotocol.ino.cpp.o
 .text._ZL18send_search_packetv
                0x000000000800c6fc       0x64 /home/runner/work/DIY-Multiprotocol-TX-Module/DIY-Multiprotocol-TX-Module/build/sketch/Multiprotocol.ino.cpp.o
 .text._ZL16NCC_Write_Packetv
                0x000000000800c760      0x13c /home/runner/work/DIY-Multiprotocol-TX-Module/DIY-Multiprotocol-TX-Module/build/sketch/Multiprotocol.ino.cpp.o
 .text._ZL18PROPEL_bind_packetb
                0x000000000800c89c       0x64 /home/runner/work/DIY-Multiprotocol-TX-Module/DIY-Multiprotocol-TX-Module/build/sketch/Multiprotocol.ino.cpp.o
 .text._ZL17SYMAX_send_packeth
                0x000000000800c900      0x1f4 /home/runner/work/DIY-Multiprotocol-TX-Module/DIY-Multiprotocol-TX-Module/build/sketch/Multiprotocol.ino.cpp.o
 .text._Z14SYMAX_callbackv
                0x000000000800caf4      0x204 /home/runner/work/DIY-Multiprotocol-TX-Module/DIY-Multiprotocol-TX-Module/build/sketch/Multiprotocol.ino.cpp.o
                0x000000000800caf4                SYMAX_callback()
 .text._Z13V2X2_callbackv
                0x000000000800ccf8      0x21c /home/runner/work/DIY-Multiprotocol-TX-Module/DIY-Multiprotocol-TX-Module/build/sketch/Multiprotocol.ino.cpp.o
                0x000000000800ccf8                V2X2_callback()
 .text._Z14YD717_callbackv
                0x000000000800cf14      0x178 /home/runner/work/DIY-Multiprotocol-TX-Module/DIY-Multiprotocol-TX-Module/build/sketch/Multiprotocol.ino.cpp.o
                0x000000000800cf14                YD717_callback()
 .text._Z13ESKY_callbackv
                0x000000000800d08c      0x11c /home/runner/work/DIY-Multiprotocol-TX-Module/DIY-Multiprotocol-TX-Module/build/sketch/Multiprotocol.ino.cpp.o
                0x000000000800d08c                ESKY_callback()
 .text._Z8SPI_Readv
                0x000000000800d1a8       0x14 /home/runner/work/DIY-Multiprotocol-TX-Module/DIY-Multiprotocol-TX-Module/build/sketch/Multiprotocol.ino.cpp.o
                0x000000000800d1a8                SPI_Read()
 .text._ZL20NRF24L01_ReadPayloadPhh
                0x000000000800d1bc       0x30 /home/runner/work/DIY-Multiprotocol-TX-Module/DIY-Multiprotocol-TX-Module/build/sketch/Multiprotocol.ino.cpp.o
 .text._ZL14CC2500_ReadRegh
                0x000000000800d1ec       0x26 /home/runner/work/DIY-Multiprotocol-TX-Module/DIY-Multiprotocol-TX-Module/build/sketch/Multiprotocol.ino.cpp.o
 *fill*         0x000000000800d212        0x2 
 .text._Z13ARES_callbackv
                0x000000000800d214      0x22c /home/runner/work/DIY-Multiprotocol-TX-Module/DIY-Multiprotocol-TX-Module/build/sketch/Multiprotocol.ino.cpp.o
                0x000000000800d214                ARES_callback()
 .text._Z12CC2500_Resetv
                0x000000000800d440       0x24 /home/runner/work/DIY-Multiprotocol-TX-Module/DIY-Multiprotocol-TX-Module/build/sketch/Multiprotocol.ino.cpp.o
                0x000000000800d440                CC2500_Reset()
 .text._ZL26FRSKY_RX_initialise_cc2500v
                0x000000000800d464      0x114 /home/runner/work/DIY-Multiprotocol-TX-Module/DIY-Multiprotocol-TX-Module/build/sketch/Multiprotocol.ino.cpp.o
 .text._Z24CC2500_250K_HoppingCalibh
                0x000000000800d578       0x4c /home/runner/work/DIY-Multiprotocol-TX-Module/DIY-Multiprotocol-TX-Module/build/sketch/Multiprotocol.ino.cpp.o
                0x000000000800d578                CC2500_250K_HoppingCalib(unsigned char)
 .text._Z14ESKY150V2_initv
                0x000000000800d5c4       0x9c /home/runner/work/DIY-Multiprotocol-TX-Module/DIY-Multiprotocol-TX-Module/build/sketch/Multiprotocol.ino.cpp.o
                0x000000000800d5c4                ESKY150V2_init()
 .text._ZL18XN297_HoppingCalibh
                0x000000000800d660       0x10 /home/runner/work/DIY-Multiprotocol-TX-Module/DIY-Multiprotocol-TX-Module/build/sketch/Multiprotocol.ino.cpp.o
 .text._Z10GD00X_initv
                0x000000000800d670      0x130 /home/runner/work/DIY-Multiprotocol-TX-Module/DIY-Multiprotocol-TX-Module/build/sketch/Multiprotocol.ino.cpp.o
                0x000000000800d670                GD00X_init()
 .text._Z10KF606_initv
                0x000000000800d7a0       0x80 /home/runner/work/DIY-Multiprotocol-TX-Module/DIY-Multiprotocol-TX-Module/build/sketch/Multiprotocol.ino.cpp.o
                0x000000000800d7a0                KF606_init()
 .text._Z13MJXQ_callbackv
                0x000000000800d820       0xd0 /home/runner/work/DIY-Multiprotocol-TX-Module/DIY-Multiprotocol-TX-Module/build/sketch/Multiprotocol.ino.cpp.o
                0x000000000800d820                MJXQ_callback()
 .text._Z9MJXQ_initv
                0x000000000800d8f0      0x150 /home/runner/work/DIY-Multiprotocol-TX-Module/DIY-Multiprotocol-TX-Module/build/sketch/Multiprotocol.ino.cpp.o
                0x000000000800d8f0                MJXQ_init()
 .text._Z11MT99XX_initv
                0x000000000800da40      0x18c /home/runner/work/DIY-Multiprotocol-TX-Module/DIY-Multiprotocol-TX-Module/build/sketch/Multiprotocol.ino.cpp.o
                0x000000000800da40                MT99XX_init()
 .text._Z8OMP_initv
                0x000000000800dbcc       0x84 /home/runner/work/DIY-Multiprotocol-TX-Module/DIY-Multiprotocol-TX-Module/build/sketch/Multiprotocol.ino.cpp.o
                0x000000000800dbcc                OMP_init()
 .text._Z9Q303_initv
                0x000000000800dc50      0x14c /home/runner/work/DIY-Multiprotocol-TX-Module/DIY-Multiprotocol-TX-Module/build/sketch/Multiprotocol.ino.cpp.o
                0x000000000800dc50                Q303_init()
 .text._Z9Q90C_initv
                0x000000000800dd9c       0xa8 /home/runner/work/DIY-Multiprotocol-TX-Module/DIY-Multiprotocol-TX-Module/build/sketch/Multiprotocol.ino.cpp.o
                0x000000000800dd9c                Q90C_init()
 .text._Z8SLT_initv
                0x000000000800de44      0x1b0 /home/runner/work/DIY-Multiprotocol-TX-Module/DIY-Multiprotocol-TX-Module/build/sketch/Multiprotocol.ino.cpp.o
                0x000000000800de44                SLT_init()
 .text._Z10V911S_initv
                0x000000000800dff4       0xc8 /home/runner/work/DIY-Multiprotocol-TX-Module/DIY-Multiprotocol-TX-Module/build/sketch/Multiprotocol.ino.cpp.o
                0x000000000800dff4                V911S_init()
 .text._Z8XK2_initv
                0x000000000800e0bc       0xb4 /home/runner/work/DIY-Multiprotocol-TX-Module/DIY-Multiprotocol-TX-Module/build/sketch/Multiprotocol.ino.cpp.o
                0x000000000800e0bc                XK2_init()
 .text._Z7XK_initv
                0x000000000800e170       0xd4 /home/runner/work/DIY-Multiprotocol-TX-Module/DIY-Multiprotocol-TX-Module/build/sketch/Multiprotocol.ino.cpp.o
                0x000000000800e170                XK_init()
 .text._ZL14FrSkyX_RF_initv
                0x000000000800e244       0x9c /home/runner/work/DIY-Multiprotocol-TX-Module/DIY-Multiprotocol-TX-Module/build/sketch/Multiprotocol.ino.cpp.o
 .text._Z11FRSKYL_initv
                0x000000000800e2e0       0xa0 /home/runner/work/DIY-Multiprotocol-TX-Module/DIY-Multiprotocol-TX-Module/build/sketch/Multiprotocol.ino.cpp.o
                0x000000000800e2e0                FRSKYL_init()
 .text._Z11FRSKYX_initv
                0x000000000800e380       0xd4 /home/runner/work/DIY-Multiprotocol-TX-Module/DIY-Multiprotocol-TX-Module/build/sketch/Multiprotocol.ino.cpp.o
                0x000000000800e380                FRSKYX_init()
 .text._ZL13FRSKY_RX_datav
                0x000000000800e454      0x124 /home/runner/work/DIY-Multiprotocol-TX-Module/DIY-Multiprotocol-TX-Module/build/sketch/Multiprotocol.ino.cpp.o
 .text._Z13FRSKY_RX_initv
                0x000000000800e578       0xbc /home/runner/work/DIY-Multiprotocol-TX-Module/DIY-Multiprotocol-TX-Module/build/sketch/Multiprotocol.ino.cpp.o
                0x000000000800e578                FRSKY_RX_init()
 .text._Z14SFHSS_callbackv
                0x000000000800e634      0x108 /home/runner/work/DIY-Multiprotocol-TX-Module/DIY-Multiprotocol-TX-Module/build/sketch/Multiprotocol.ino.cpp.o
                0x000000000800e634                SFHSS_callback()
 .text._Z10RLINK_initv
                0x000000000800e73c      0x1a0 /home/runner/work/DIY-Multiprotocol-TX-Module/DIY-Multiprotocol-TX-Module/build/sketch/Multiprotocol.ino.cpp.o
                0x000000000800e73c                RLINK_init()
 .text._Z12SCANNER_initv
                0x000000000800e8dc      0x11c /home/runner/work/DIY-Multiprotocol-TX-Module/DIY-Multiprotocol-TX-Module/build/sketch/Multiprotocol.ino.cpp.o
                0x000000000800e8dc                SCANNER_init()
 .text._ZL20NRF250K_WritePayloadPhh.part.36.constprop.83
                0x000000000800e9f8      0x138 /home/runner/work/DIY-Multiprotocol-TX-Module/DIY-Multiprotocol-TX-Module/build/sketch/Multiprotocol.ino.cpp.o
 .text._Z18ESKY150V2_callbackv
                0x000000000800eb30       0xd4 /home/runner/work/DIY-Multiprotocol-TX-Module/DIY-Multiprotocol-TX-Module/build/sketch/Multiprotocol.ino.cpp.o
                0x000000000800eb30                ESKY150V2_callback()
 .text._Z17CYRF_ReadRegisterh
                0x000000000800ec04       0x24 /home/runner/work/DIY-Multiprotocol-TX-Module/DIY-Multiprotocol-TX-Module/build/sketch/Multiprotocol.ino.cpp.o
                0x000000000800ec04                CYRF_ReadRegister(unsigned char)
 .text._Z10CYRF_Resetv
                0x000000000800ec28       0x52 /home/runner/work/DIY-Multiprotocol-TX-Module/DIY-Multiprotocol-TX-Module/build/sketch/Multiprotocol.ino.cpp.o
                0x000000000800ec28                CYRF_Reset()
 .text._Z21CYRF_FindBestChannelsPhhhhhh
                0x000000000800ec7a      0x122 /home/runner/work/DIY-Multiprotocol-TX-Module/DIY-Multiprotocol-TX-Module/build/sketch/Multiprotocol.ino.cpp.o
                0x000000000800ec7a                CYRF_FindBestChannels(unsigned char*, unsigned char, unsigned char, unsigned char, unsigned char, unsigned char)
 .text._ZL23CYRF_GFSK1M_SendPayloadPhh
                0x000000000800ed9c       0x68 /home/runner/work/DIY-Multiprotocol-TX-Module/DIY-Multiprotocol-TX-Module/build/sketch/Multiprotocol.ino.cpp.o
 .text._ZL18RF2500_SendPayloadv
                0x000000000800ee04       0x1c /home/runner/work/DIY-Multiprotocol-TX-Module/DIY-Multiprotocol-TX-Module/build/sketch/Multiprotocol.ino.cpp.o
 .text._Z15E010R5_callbackv
                0x000000000800ee20       0x98 /home/runner/work/DIY-Multiprotocol-TX-Module/DIY-Multiprotocol-TX-Module/build/sketch/Multiprotocol.ino.cpp.o
                0x000000000800ee20                E010R5_callback()
 .text._Z13E129_callbackv
                0x000000000800eeb8       0xa4 /home/runner/work/DIY-Multiprotocol-TX-Module/DIY-Multiprotocol-TX-Module/build/sketch/Multiprotocol.ino.cpp.o
                0x000000000800eeb8                E129_callback()
 .text._Z13E01X_callbackv
                0x000000000800ef5c      0x3c8 /home/runner/work/DIY-Multiprotocol-TX-Module/DIY-Multiprotocol-TX-Module/build/sketch/Multiprotocol.ino.cpp.o
                0x000000000800ef5c                E01X_callback()
 .text._Z11WK_callbackv
                0x000000000800f324      0x678 /home/runner/work/DIY-Multiprotocol-TX-Module/DIY-Multiprotocol-TX-Module/build/sketch/Multiprotocol.ino.cpp.o
                0x000000000800f324                WK_callback()
 .text._ZL22CYRF_ReadRegisterMultihPhh
                0x000000000800f99c       0x32 /home/runner/work/DIY-Multiprotocol-TX-Module/DIY-Multiprotocol-TX-Module/build/sketch/Multiprotocol.ino.cpp.o
 *fill*         0x000000000800f9ce        0x2 
 .text._Z15CYRF_GetMfgDataPh
                0x000000000800f9d0       0x70 /home/runner/work/DIY-Multiprotocol-TX-Module/DIY-Multiprotocol-TX-Module/build/sketch/Multiprotocol.ino.cpp.o
                0x000000000800f9d0                CYRF_GetMfgData(unsigned char*)
 .text._Z8DSM_initv
                0x000000000800fa40      0x250 /home/runner/work/DIY-Multiprotocol-TX-Module/DIY-Multiprotocol-TX-Module/build/sketch/Multiprotocol.ino.cpp.o
                0x000000000800fa40                DSM_init()
 .text._Z9DEVO_initv
                0x000000000800fc90      0x150 /home/runner/work/DIY-Multiprotocol-TX-Module/DIY-Multiprotocol-TX-Module/build/sketch/Multiprotocol.ino.cpp.o
                0x000000000800fc90                DEVO_init()
 .text._Z10J6PRO_initv
                0x000000000800fde0       0xa4 /home/runner/work/DIY-Multiprotocol-TX-Module/DIY-Multiprotocol-TX-Module/build/sketch/Multiprotocol.ino.cpp.o
                0x000000000800fde0                J6PRO_init()
 .text._Z7WK_initv
                0x000000000800fe84      0x1f0 /home/runner/work/DIY-Multiprotocol-TX-Module/DIY-Multiprotocol-TX-Module/build/sketch/Multiprotocol.ino.cpp.o
                0x000000000800fe84                WK_init()
 .text._Z22CYRF_ReadDataPacketLenPhh
                0x0000000008010074        0xa /home/runner/work/DIY-Multiprotocol-TX-Module/DIY-Multiprotocol-TX-Module/build/sketch/Multiprotocol.ino.cpp.o
                0x0000000008010074                CYRF_ReadDataPacketLen(unsigned char*, unsigned char)
 *fill*         0x000000000801007e        0x2 
 .text._ZL19DSM_RX_check_packetv
                0x0000000008010080       0x8c /home/runner/work/DIY-Multiprotocol-TX-Module/DIY-Multiprotocol-TX-Module/build/sketch/Multiprotocol.ino.cpp.o
 .text._Z15DSM_RX_callbackv
                0x000000000801010c      0x4f4 /home/runner/work/DIY-Multiprotocol-TX-Module/DIY-Multiprotocol-TX-Module/build/sketch/Multiprotocol.ino.cpp.o
                0x000000000801010c                DSM_RX_callback()
 .text._Z12DSM_callbackv
                0x0000000008010600      0x4e4 /home/runner/work/DIY-Multiprotocol-TX-Module/DIY-Multiprotocol-TX-Module/build/sketch/Multiprotocol.ino.cpp.o
                0x0000000008010600                DSM_callback()
 .text._Z13DEVO_callbackv
                0x0000000008010ae4      0x5e4 /home/runner/work/DIY-Multiprotocol-TX-Module/DIY-Multiprotocol-TX-Module/build/sketch/Multiprotocol.ino.cpp.o
                0x0000000008010ae4                DEVO_callback()
 .text._Z14J6PRO_callbackv
                0x00000000080110c8      0x26c /home/runner/work/DIY-Multiprotocol-TX-Module/DIY-Multiprotocol-TX-Module/build/sketch/Multiprotocol.ino.cpp.o
                0x00000000080110c8                J6PRO_callback()
 .text._Z14MLINK_callbackv
                0x0000000008011334      0x4b8 /home/runner/work/DIY-Multiprotocol-TX-Module/DIY-Multiprotocol-TX-Module/build/sketch/Multiprotocol.ino.cpp.o
                0x0000000008011334                MLINK_callback()
 .text._Z13WFLY_callbackv
                0x00000000080117ec      0x3a8 /home/runner/work/DIY-Multiprotocol-TX-Module/DIY-Multiprotocol-TX-Module/build/sketch/Multiprotocol.ino.cpp.o
                0x00000000080117ec                WFLY_callback()
 .text._Z15CONFIG_callbackv
                0x0000000008011b94      0x1c8 /home/runner/work/DIY-Multiprotocol-TX-Module/DIY-Multiprotocol-TX-Module/build/sketch/Multiprotocol.ino.cpp.o
                0x0000000008011b94                CONFIG_callback()
 .text._Z16NRF24L01_ReadRegh
                0x0000000008011d5c       0x26 /home/runner/work/DIY-Multiprotocol-TX-Module/DIY-Multiprotocol-TX-Module/build/sketch/Multiprotocol.ino.cpp.o
                0x0000000008011d5c                NRF24L01_ReadReg(unsigned char)
 *fill*         0x0000000008011d82        0x2 
 .text._Z14ASSAN_callbackv
                0x0000000008011d84      0x14c /home/runner/work/DIY-Multiprotocol-TX-Module/DIY-Multiprotocol-TX-Module/build/sketch/Multiprotocol.ino.cpp.o
                0x0000000008011d84                ASSAN_callback()
 .text._ZL18XN297_IsPacketSentv
                0x0000000008011ed0       0x28 /home/runner/work/DIY-Multiprotocol-TX-Module/DIY-Multiprotocol-TX-Module/build/sketch/Multiprotocol.ino.cpp.o
 .text._ZL14SLT_wait_radiov
                0x0000000008011ef8       0x1c /home/runner/work/DIY-Multiprotocol-TX-Module/DIY-Multiprotocol-TX-Module/build/sketch/Multiprotocol.ino.cpp.o
 .text._ZL20SLT6_configure_radiohh
                0x0000000008011f14       0x40 /home/runner/work/DIY-Multiprotocol-TX-Module/DIY-Multiprotocol-TX-Module/build/sketch/Multiprotocol.ino.cpp.o
 .text._ZL15SLT_send_packeth
                0x0000000008011f54       0x44 /home/runner/work/DIY-Multiprotocol-TX-Module/DIY-Multiprotocol-TX-Module/build/sketch/Multiprotocol.ino.cpp.o
 .text._ZL20SLT_send_bind_packetv
                0x0000000008011f98       0x70 /home/runner/work/DIY-Multiprotocol-TX-Module/DIY-Multiprotocol-TX-Module/build/sketch/Multiprotocol.ino.cpp.o
 .text._Z12SLT_callbackv
                0x0000000008012008      0x43c /home/runner/work/DIY-Multiprotocol-TX-Module/DIY-Multiprotocol-TX-Module/build/sketch/Multiprotocol.ino.cpp.o
                0x0000000008012008                SLT_callback()
 .text._Z14FY326_callbackv
                0x0000000008012444      0x14c /home/runner/work/DIY-Multiprotocol-TX-Module/DIY-Multiprotocol-TX-Module/build/sketch/Multiprotocol.ino.cpp.o
                0x0000000008012444                FY326_callback()
 .text._Z13LOLI_callbackv
                0x0000000008012590      0x200 /home/runner/work/DIY-Multiprotocol-TX-Module/DIY-Multiprotocol-TX-Module/build/sketch/Multiprotocol.ino.cpp.o
                0x0000000008012590                LOLI_callback()
 .text._ZL10packet_ackv
                0x0000000008012790       0x6c /home/runner/work/DIY-Multiprotocol-TX-Module/DIY-Multiprotocol-TX-Module/build/sketch/Multiprotocol.ino.cpp.o
 .text._ZL14CFLIE_callbackv
                0x00000000080127fc      0x2a8 /home/runner/work/DIY-Multiprotocol-TX-Module/DIY-Multiprotocol-TX-Module/build/sketch/Multiprotocol.ino.cpp.o
 .text._Z12NCC_callbackv
                0x0000000008012aa4      0x1c4 /home/runner/work/DIY-Multiprotocol-TX-Module/DIY-Multiprotocol-TX-Module/build/sketch/Multiprotocol.ino.cpp.o
                0x0000000008012aa4                NCC_callback()
 .text._Z14NRF24L01_Resetv
                0x0000000008012c68       0x26 /home/runner/work/DIY-Multiprotocol-TX-Module/DIY-Multiprotocol-TX-Module/build/sketch/Multiprotocol.ino.cpp.o
                0x0000000008012c68                NRF24L01_Reset()
 *fill*         0x0000000008012c8e        0x2 
 .text._Z15PROPEL_callbackv
                0x0000000008012c90      0x274 /home/runner/work/DIY-Multiprotocol-TX-Module/DIY-Multiprotocol-TX-Module/build/sketch/Multiprotocol.ino.cpp.o
                0x0000000008012c90                PROPEL_callback()
 .text._Z15CC2500_ReadDataPhh
                0x0000000008012f04       0x30 /home/runner/work/DIY-Multiprotocol-TX-Module/DIY-Multiprotocol-TX-Module/build/sketch/Multiprotocol.ino.cpp.o
                0x0000000008012f04                CC2500_ReadData(unsigned char*, unsigned char)
 .text._ZL20XN297_ReceivePayloadPhh
                0x0000000008012f34       0x3c /home/runner/work/DIY-Multiprotocol-TX-Module/DIY-Multiprotocol-TX-Module/build/sketch/Multiprotocol.ino.cpp.o
 .text._ZL17XN297_ReadPayloadPhh
                0x0000000008012f70       0xf0 /home/runner/work/DIY-Multiprotocol-TX-Module/DIY-Multiprotocol-TX-Module/build/sketch/Multiprotocol.ino.cpp.o
 .text._ZL25XN297_ReadEnhancedPayloadPhh
                0x0000000008013060      0x154 /home/runner/work/DIY-Multiprotocol-TX-Module/DIY-Multiprotocol-TX-Module/build/sketch/Multiprotocol.ino.cpp.o
 .text._Z17FRSKY_RX_callbackv
                0x00000000080131b4      0x69c /home/runner/work/DIY-Multiprotocol-TX-Module/DIY-Multiprotocol-TX-Module/build/sketch/Multiprotocol.ino.cpp.o
                0x00000000080131b4                FRSKY_RX_callback()
 .text._Z13HOTT_callbackv
                0x0000000008013850      0x614 /home/runner/work/DIY-Multiprotocol-TX-Module/DIY-Multiprotocol-TX-Module/build/sketch/Multiprotocol.ino.cpp.o
                0x0000000008013850                HOTT_callback()
 .text._Z14HITEC_callbackv
                0x0000000008013e64      0x4b8 /home/runner/work/DIY-Multiprotocol-TX-Module/DIY-Multiprotocol-TX-Module/build/sketch/Multiprotocol.ino.cpp.o
                0x0000000008013e64                HITEC_callback()
 .text._Z14RLINK_callbackv
                0x000000000801431c      0x2a4 /home/runner/work/DIY-Multiprotocol-TX-Module/DIY-Multiprotocol-TX-Module/build/sketch/Multiprotocol.ino.cpp.o
                0x000000000801431c                RLINK_callback()
 .text._ZL10XN297_IsRXv
                0x00000000080145c0       0x70 /home/runner/work/DIY-Multiprotocol-TX-Module/DIY-Multiprotocol-TX-Module/build/sketch/Multiprotocol.ino.cpp.o
 .text._Z17BUGSMINI_callbackv
                0x0000000008014630      0x134 /home/runner/work/DIY-Multiprotocol-TX-Module/DIY-Multiprotocol-TX-Module/build/sketch/Multiprotocol.ino.cpp.o
                0x0000000008014630                BUGSMINI_callback()
 .text._Z18BAYANG_RX_callbackv
                0x0000000008014764      0x2d0 /home/runner/work/DIY-Multiprotocol-TX-Module/DIY-Multiprotocol-TX-Module/build/sketch/Multiprotocol.ino.cpp.o
                0x0000000008014764                BAYANG_RX_callback()
 .text._Z15BAYANG_callbackv
                0x0000000008014a34      0x180 /home/runner/work/DIY-Multiprotocol-TX-Module/DIY-Multiprotocol-TX-Module/build/sketch/Multiprotocol.ino.cpp.o
                0x0000000008014a34                BAYANG_callback()
 .text._Z11FX_callbackv
                0x0000000008014bb4      0x2f0 /home/runner/work/DIY-Multiprotocol-TX-Module/DIY-Multiprotocol-TX-Module/build/sketch/Multiprotocol.ino.cpp.o
                0x0000000008014bb4                FX_callback()
 .text._Z14GW008_callbackv
                0x0000000008014ea4       0xac /home/runner/work/DIY-Multiprotocol-TX-Module/DIY-Multiprotocol-TX-Module/build/sketch/Multiprotocol.ino.cpp.o
                0x0000000008014ea4                GW008_callback()
 .text._Z15MT99XX_callbackv
                0x0000000008014f50      0x524 /home/runner/work/DIY-Multiprotocol-TX-Module/DIY-Multiprotocol-TX-Module/build/sketch/Multiprotocol.ino.cpp.o
                0x0000000008014f50                MT99XX_callback()
 .text._Z14SGF22_callbackv
                0x0000000008015474      0x2bc /home/runner/work/DIY-Multiprotocol-TX-Module/DIY-Multiprotocol-TX-Module/build/sketch/Multiprotocol.ino.cpp.o
                0x0000000008015474                SGF22_callback()
 .text._Z15XERALL_callbackv
                0x0000000008015730      0x2a0 /home/runner/work/DIY-Multiprotocol-TX-Module/DIY-Multiprotocol-TX-Module/build/sketch/Multiprotocol.ino.cpp.o
                0x0000000008015730                XERALL_callback()
 .text._Z12XK2_callbackv
                0x00000000080159d0      0x290 /home/runner/work/DIY-Multiprotocol-TX-Module/DIY-Multiprotocol-TX-Module/build/sketch/Multiprotocol.ino.cpp.o
                0x00000000080159d0                XK2_callback()
 .text._Z13CX10_callbackv
                0x0000000008015c60       0xa4 /home/runner/work/DIY-Multiprotocol-TX-Module/DIY-Multiprotocol-TX-Module/build/sketch/Multiprotocol.ino.cpp.o
                0x0000000008015c60                CX10_callback()
 .text._Z12OMP_callbackv
                0x0000000008015d04      0x178 /home/runner/work/DIY-Multiprotocol-TX-Module/DIY-Multiprotocol-TX-Module/build/sketch/Multiprotocol.ino.cpp.o
                0x0000000008015d04                OMP_callback()
 .text._Z13V761_callbackv
                0x0000000008015e7c      0x1c4 /home/runner/work/DIY-Multiprotocol-TX-Module/DIY-Multiprotocol-TX-Module/build/sketch/Multiprotocol.ino.cpp.o
                0x0000000008015e7c                V761_callback()
 .text._Z16YUXIANG_callbackv
                0x0000000008016040      0x294 /home/runner/work/DIY-Multiprotocol-TX-Module/DIY-Multiprotocol-TX-Module/build/sketch/Multiprotocol.ino.cpp.o
                0x0000000008016040                YUXIANG_callback()
 .text._Z10SPI_ENABLEv
                0x00000000080162d4       0x10 /home/runner/work/DIY-Multiprotocol-TX-Module/DIY-Multiprotocol-TX-Module/build/sketch/Multiprotocol.ino.cpp.o
                0x00000000080162d4                SPI_ENABLE()
 .text._Z11SPI_DISABLEv
                0x00000000080162e4       0x10 /home/runner/work/DIY-Multiprotocol-TX-Module/DIY-Multiprotocol-TX-Module/build/sketch/Multiprotocol.ino.cpp.o
                0x00000000080162e4                SPI_DISABLE()
 .text._Z21SPI_SET_BIDIRECTIONALv
                0x00000000080162f4       0x18 /home/runner/work/DIY-Multiprotocol-TX-Module/DIY-Multiprotocol-TX-Module/build/sketch/Multiprotocol.ino.cpp.o
                0x00000000080162f4                SPI_SET_BIDIRECTIONAL()
 .text._Z22SPI_SET_UNIDIRECTIONALv
                0x000000000801630c       0x10 /home/runner/work/DIY-Multiprotocol-TX-Module/DIY-Multiprotocol-TX-Module/build/sketch/Multiprotocol.ino.cpp.o
                0x000000000801630c                SPI_SET_UNIDIRECTIONAL()
 .text._Z12SPI_SDI_Readv
                0x000000000801631c       0x50 /home/runner/work/DIY-Multiprotocol-TX-Module/DIY-Multiprotocol-TX-Module/build/sketch/Multiprotocol.ino.cpp.o
                0x000000000801631c                SPI_SDI_Read()
 .text._Z14A7105_ReadDatah
                0x000000000801636c       0x3c /home/runner/work/DIY-Multiprotocol-TX-Module/DIY-Multiprotocol-TX-Module/build/sketch/Multiprotocol.ino.cpp.o
                0x000000000801636c                A7105_ReadData(unsigned char)
 .text._Z13A7105_ReadRegh
                0x00000000080163a8       0x26 /home/runner/work/DIY-Multiprotocol-TX-Module/DIY-Multiprotocol-TX-Module/build/sketch/Multiprotocol.ino.cpp.o
                0x00000000080163a8                A7105_ReadReg(unsigned char)
 .text._Z11A7105_Resetv
                0x00000000080163ce       0x2e /home/runner/work/DIY-Multiprotocol-TX-Module/DIY-Multiprotocol-TX-Module/build/sketch/Multiprotocol.ino.cpp.o
                0x00000000080163ce                A7105_Reset()
 .text._Z13modules_resetv
                0x00000000080163fc       0x24 /home/runner/work/DIY-Multiprotocol-TX-Module/DIY-Multiprotocol-TX-Module/build/sketch/Multiprotocol.ino.cpp.o
                0x00000000080163fc                modules_reset()
 .text._Z10A7105_Initv
                0x0000000008016420      0x218 /home/runner/work/DIY-Multiprotocol-TX-Module/DIY-Multiprotocol-TX-Module/build/sketch/Multiprotocol.ino.cpp.o
                0x0000000008016420                A7105_Init()
 .text._Z15AFHDS2A_RX_initv
                0x0000000008016638       0xa8 /home/runner/work/DIY-Multiprotocol-TX-Module/DIY-Multiprotocol-TX-Module/build/sketch/Multiprotocol.ino.cpp.o
                0x0000000008016638                AFHDS2A_RX_init()
 .text._Z12AFHDS2A_initv
                0x00000000080166e0      0x11c /home/runner/work/DIY-Multiprotocol-TX-Module/DIY-Multiprotocol-TX-Module/build/sketch/Multiprotocol.ino.cpp.o
                0x00000000080166e0                AFHDS2A_init()
 .text._Z9BUGS_initv
                0x00000000080167fc       0x98 /home/runner/work/DIY-Multiprotocol-TX-Module/DIY-Multiprotocol-TX-Module/build/sketch/Multiprotocol.ino.cpp.o
                0x00000000080167fc                BUGS_init()
 .text._Z11FLYSKY_initv
                0x0000000008016894       0xe4 /home/runner/work/DIY-Multiprotocol-TX-Module/DIY-Multiprotocol-TX-Module/build/sketch/Multiprotocol.ino.cpp.o
                0x0000000008016894                FLYSKY_init()
 .text._Z11HEIGHT_initv
                0x0000000008016978       0x38 /home/runner/work/DIY-Multiprotocol-TX-Module/DIY-Multiprotocol-TX-Module/build/sketch/Multiprotocol.ino.cpp.o
                0x0000000008016978                HEIGHT_init()
 .text._Z11HUBSAN_initv
                0x00000000080169b0       0x98 /home/runner/work/DIY-Multiprotocol-TX-Module/DIY-Multiprotocol-TX-Module/build/sketch/Multiprotocol.ino.cpp.o
                0x00000000080169b0                HUBSAN_init()
 .text._Z11KYOSHO_initv
                0x0000000008016a48       0xb0 /home/runner/work/DIY-Multiprotocol-TX-Module/DIY-Multiprotocol-TX-Module/build/sketch/Multiprotocol.ino.cpp.o
                0x0000000008016a48                KYOSHO_init()
 .text._Z12PELIKAN_initv
                0x0000000008016af8      0x168 /home/runner/work/DIY-Multiprotocol-TX-Module/DIY-Multiprotocol-TX-Module/build/sketch/Multiprotocol.ino.cpp.o
                0x0000000008016af8                PELIKAN_init()
 .text._Z10WFLY2_initv
                0x0000000008016c60       0x7c /home/runner/work/DIY-Multiprotocol-TX-Module/DIY-Multiprotocol-TX-Module/build/sketch/Multiprotocol.ino.cpp.o
                0x0000000008016c60                WFLY2_init()
 .text._ZL21AFHDS2A_RX_data_readyv
                0x0000000008016cdc       0x14 /home/runner/work/DIY-Multiprotocol-TX-Module/DIY-Multiprotocol-TX-Module/build/sketch/Multiprotocol.ino.cpp.o
 .text._Z19AFHDS2A_RX_callbackv
                0x0000000008016cf0      0x3fc /home/runner/work/DIY-Multiprotocol-TX-Module/DIY-Multiprotocol-TX-Module/build/sketch/Multiprotocol.ino.cpp.o
                0x0000000008016cf0                AFHDS2A_RX_callback()
 .text._Z16AFHDS2A_callbackv
                0x00000000080170ec      0x534 /home/runner/work/DIY-Multiprotocol-TX-Module/DIY-Multiprotocol-TX-Module/build/sketch/Multiprotocol.ino.cpp.o
                0x00000000080170ec                AFHDS2A_callback()
 .text._Z13BUGS_callbackv
                0x0000000008017620      0x248 /home/runner/work/DIY-Multiprotocol-TX-Module/DIY-Multiprotocol-TX-Module/build/sketch/Multiprotocol.ino.cpp.o
                0x0000000008017620                BUGS_callback()